[    0.000000] Initializing cgroup subsys cpuset
[    0.000000] Initializing cgroup subsys cpu
[    0.000000] Initializing cgroup subsys cpuacct
[    0.000000] Linux version 4.4.0-97-generic (buildd@lcy01-33) (gcc version 5.4.0 20160609 (Ubuntu 5.4.0-6ubuntu1~16.04.4) ) #120-Ubuntu SMP Tue Sep 19 17:28:18 UTC 2017 (Ubuntu 4.4.0-97.120-generic 4.4.87)
[    0.000000] Command line: BOOT_IMAGE=/boot/vmlinuz-4.4.0-97-generic root=LABEL=cloudimg-rootfs ro console=tty1 console=ttyS0
[    0.000000] KERNEL supported cpus:
[    0.000000]   Intel GenuineIntel
[    0.000000]   AMD AuthenticAMD
[    0.000000]   Centaur CentaurHauls
[    0.000000] x86/fpu: xstate_offset[2]:  576, xstate_sizes[2]:  256
[    0.000000] x86/fpu: Supporting XSAVE feature 0x01: 'x87 floating point registers'
[    0.000000] x86/fpu: Supporting XSAVE feature 0x02: 'SSE registers'
[    0.000000] x86/fpu: Supporting XSAVE feature 0x04: 'AVX registers'
[    0.000000] x86/fpu: Enabled xstate features 0x7, context size is 832 bytes, using 'standard' format.
[    0.000000] x86/fpu: Using 'lazy' FPU context switches.
[    0.000000] e820: BIOS-provided physical RAM map:
[    0.000000] BIOS-e820: [mem 0x0000000000000000-0x000000000009fbff] usable
[    0.000000] BIOS-e820: [mem 0x000000000009fc00-0x000000000009ffff] reserved
[    0.000000] BIOS-e820: [mem 0x00000000000f0000-0x00000000000fffff] reserved
[    0.000000] BIOS-e820: [mem 0x0000000000100000-0x000000003ffeffff] usable
[    0.000000] BIOS-e820: [mem 0x000000003fff0000-0x000000003fffffff] ACPI data
[    0.000000] BIOS-e820: [mem 0x00000000fec00000-0x00000000fec00fff] reserved
[    0.000000] BIOS-e820: [mem 0x00000000fee00000-0x00000000fee00fff] reserved
[    0.000000] BIOS-e820: [mem 0x00000000fffc0000-0x00000000ffffffff] reserved
[    0.000000] NX (Execute Disable) protection: active
[    0.000000] SMBIOS 2.5 present.
[    0.000000] Hypervisor detected: KVM
[    0.000000] e820: last_pfn = 0x3fff0 max_arch_pfn = 0x400000000
[    0.000000] MTRR: Disabled
[    0.000000] x86/PAT: MTRRs disabled, skipping PAT initialization too.
[    0.000000] CPU MTRRs all blank - virtualized system.
[    0.000000] x86/PAT: Configuration [0-7]: WB  WT  UC- UC  WB  WT  UC- UC  
[    0.000000] found SMP MP-table at [mem 0x0009fff0-0x0009ffff] mapped at [ffff88000009fff0]
[    0.000000] Scanning 1 areas for low memory corruption
[    0.000000] RAMDISK: [mem 0x36adc000-0x37565fff]
[    0.000000] ACPI: Early table checksum verification disabled
[    0.000000] ACPI: RSDP 0x00000000000E0000 000024 (v02 VBOX  )
[    0.000000] ACPI: XSDT 0x000000003FFF0030 00003C (v01 VBOX   VBOXXSDT 00000001 ASL  00000061)
[    0.000000] ACPI: FACP 0x000000003FFF00F0 0000F4 (v04 VBOX   VBOXFACP 00000001 ASL  00000061)
[    0.000000] ACPI: DSDT 0x000000003FFF0470 0021FF (v02 VBOX   VBOXBIOS 00000002 INTL 20100528)
[    0.000000] ACPI: FACS 0x000000003FFF0200 000040
[    0.000000] ACPI: FACS 0x000000003FFF0200 000040
[    0.000000] ACPI: APIC 0x000000003FFF0240 00005C (v02 VBOX   VBOXAPIC 00000001 ASL  00000061)
[    0.000000] ACPI: SSDT 0x000000003FFF02A0 0001CC (v01 VBOX   VBOXCPUT 00000002 INTL 20100528)
[    0.000000] No NUMA configuration found
[    0.000000] Faking a node at [mem 0x0000000000000000-0x000000003ffeffff]
[    0.000000] NODE_DATA(0) allocated [mem 0x3ffeb000-0x3ffeffff]
[    0.000000] kvm-clock: Using msrs 4b564d01 and 4b564d00
[    0.000000] kvm-clock: cpu 0, msr 0:3ffe3001, primary cpu clock
[    0.000000] kvm-clock: using sched offset of 3416651794 cycles
[    0.000000] clocksource: kvm-clock: mask: 0xffffffffffffffff max_cycles: 0x1cd42e4dffb, max_idle_ns: 881590591483 ns
[    0.000000] Zone ranges:
[    0.000000]   DMA      [mem 0x0000000000001000-0x0000000000ffffff]
[    0.000000]   DMA32    [mem 0x0000000001000000-0x000000003ffeffff]
[    0.000000]   Normal   empty
[    0.000000]   Device   empty
[    0.000000] Movable zone start for each node
[    0.000000] Early memory node ranges
[    0.000000]   node   0: [mem 0x0000000000001000-0x000000000009efff]
[    0.000000]   node   0: [mem 0x0000000000100000-0x000000003ffeffff]
[    0.000000] Initmem setup node 0 [mem 0x0000000000001000-0x000000003ffeffff]
[    0.000000] ACPI: PM-Timer IO Port: 0x4008
[    0.000000] IOAPIC[0]: apic_id 2, version 32, address 0xfec00000, GSI 0-23
[    0.000000] ACPI: INT_SRC_OVR (bus 0 bus_irq 0 global_irq 2 dfl dfl)
[    0.000000] ACPI: INT_SRC_OVR (bus 0 bus_irq 9 global_irq 9 high level)
[    0.000000] Using ACPI (MADT) for SMP configuration information
[    0.000000] smpboot: Allowing 2 CPUs, 0 hotplug CPUs
[    0.000000] PM: Registered nosave memory: [mem 0x00000000-0x00000fff]
[    0.000000] PM: Registered nosave memory: [mem 0x0009f000-0x0009ffff]
[    0.000000] PM: Registered nosave memory: [mem 0x000a0000-0x000effff]
[    0.000000] PM: Registered nosave memory: [mem 0x000f0000-0x000fffff]
[    0.000000] e820: [mem 0x40000000-0xfebfffff] available for PCI devices
[    0.000000] Booting paravirtualized kernel on KVM
[    0.000000] clocksource: refined-jiffies: mask: 0xffffffff max_cycles: 0xffffffff, max_idle_ns: 7645519600211568 ns
[    0.000000] setup_percpu: NR_CPUS:512 nr_cpumask_bits:512 nr_cpu_ids:2 nr_node_ids:1
[    0.000000] PERCPU: Embedded 34 pages/cpu @ffff88003fc00000 s98328 r8192 d32744 u1048576
[    0.000000] PV qspinlock hash table entries: 256 (order: 0, 4096 bytes)
[    0.000000] Built 1 zonelists in Node order, mobility grouping on.  Total pages: 257913
[    0.000000] Policy zone: DMA32
[    0.000000] Kernel command line: BOOT_IMAGE=/boot/vmlinuz-4.4.0-97-generic root=LABEL=cloudimg-rootfs ro console=tty1 console=ttyS0
[    0.000000] PID hash table entries: 4096 (order: 3, 32768 bytes)
[    0.000000] Memory: 1001772K/1048120K available (8480K kernel code, 1294K rwdata, 3984K rodata, 1492K init, 1316K bss, 46348K reserved, 0K cma-reserved)
[    0.000000] SLUB: HWalign=64, Order=0-3, MinObjects=0, CPUs=2, Nodes=1
[    0.000000] Hierarchical RCU implementation.
[    0.000000] 	Build-time adjustment of leaf fanout to 64.
[    0.000000] 	RCU restricting CPUs from NR_CPUS=512 to nr_cpu_ids=2.
[    0.000000] RCU: Adjusting geometry for rcu_fanout_leaf=64, nr_cpu_ids=2
[    0.000000] NR_IRQS:33024 nr_irqs:440 16
[    0.000000] Console: colour VGA+ 80x25
[    0.000000] console [tty1] enabled
[    0.000000] console [ttyS0] enabled
[    0.000000] tsc: Detected 1799.999 MHz processor
[    5.201794] Calibrating delay loop (skipped) preset value.. 3599.99 BogoMIPS (lpj=7199996)
[    5.203816] pid_max: default: 32768 minimum: 301
[    5.210515] ACPI: Core revision 20150930
[    5.212463] ACPI: 2 ACPI AML tables successfully acquired and loaded
[    5.214077] Security Framework initialized
[    5.215097] Yama: becoming mindful.
[    5.224778] AppArmor: AppArmor initialized
[    5.238043] Dentry cache hash table entries: 131072 (order: 8, 1048576 bytes)
[    5.239819] Inode-cache hash table entries: 65536 (order: 7, 524288 bytes)
[    5.279906] Mount-cache hash table entries: 2048 (order: 2, 16384 bytes)
[    5.298334] Mountpoint-cache hash table entries: 2048 (order: 2, 16384 bytes)
[    5.300046] Initializing cgroup subsys io
[    5.321067] Initializing cgroup subsys memory
[    5.334039] Initializing cgroup subsys devices
[    5.339371] Initializing cgroup subsys freezer
[    5.364184] Initializing cgroup subsys net_cls
[    5.374790] Initializing cgroup subsys perf_event
[    5.417992] Initializing cgroup subsys net_prio
[    5.420673] Initializing cgroup subsys hugetlb
[    5.457054] Initializing cgroup subsys pids
[    5.474816] CPU: Physical Processor ID: 0
[    5.478464] CPU: Processor Core ID: 0
[    5.502627] mce: CPU supports 0 MCE banks
[    5.511050] Last level iTLB entries: 4KB 64, 2MB 8, 4MB 8
[    5.512710] Last level dTLB entries: 4KB 64, 2MB 0, 4MB 0, 1GB 4
[    5.516047] Freeing SMP alternatives memory: 32K
[    5.540540] ftrace: allocating 32148 entries in 126 pages
[    5.590129] smpboot: APIC(0) Converting physical 0 to logical package 0
[    5.594457] smpboot: Max logical packages: 1
[    5.600785] x2apic enabled
[    5.606935] Switched APIC routing to physical x2apic.
[    5.623279] ..TIMER: vector=0x30 apic1=0 pin1=2 apic2=-1 pin2=-1
[    5.735817] smpboot: CPU0: Intel(R) Core(TM) i5-5350U CPU @ 1.80GHz (family: 0x6, model: 0x3d, stepping: 0x4)
[    5.862520] Performance Events: unsupported p6 CPU model 61 no PMU driver, software events only.
[    5.981536] KVM setup paravirtual spinlock
[    6.023766] x86: Booting SMP configuration:
[    6.052466] .... node  #0, CPUs:      #1
[    6.096462] kvm-clock: cpu 1, msr 0:3ffe3041, secondary cpu clock
[    6.100203] mce: CPU supports 0 MCE banks
[    6.102949] x86: Booted up 1 node, 2 CPUs
[    6.143623] smpboot: Total of 2 processors activated (7199.99 BogoMIPS)
[    6.212281] devtmpfs: initialized
[    6.260253] evm: security.selinux
[    6.292564] evm: security.SMACK64
[    6.307416] evm: security.SMACK64EXEC
[    6.344705] evm: security.SMACK64TRANSMUTE
[    6.345727] evm: security.SMACK64MMAP
[    6.384769] evm: security.ima
[    6.404399] evm: security.capability
[    6.438563] clocksource: jiffies: mask: 0xffffffff max_cycles: 0xffffffff, max_idle_ns: 7645041785100000 ns
[    6.515851] futex hash table entries: 512 (order: 3, 32768 bytes)
[    6.572465] pinctrl core: initialized pinctrl subsystem
[    6.646575] RTC time: 14:26:41, date: 10/20/17
[    6.664925] NET: Registered protocol family 16
[    6.707749] cpuidle: using governor ladder
[    6.771243] cpuidle: using governor menu
[    6.801853] PCCT header not found.
[    6.831132] ACPI: bus type PCI registered
[    6.858233] acpiphp: ACPI Hot Plug PCI Controller Driver version: 0.5
[    6.928643] PCI: Using configuration type 1 for base access
[    6.993550] ACPI: Added _OSI(Module Device)
[    7.027022] ACPI: Added _OSI(Processor Device)
[    7.076276] ACPI: Added _OSI(3.0 _SCP Extensions)
[    7.119012] ACPI: Added _OSI(Processor Aggregator Device)
[    7.183779] ACPI: Executed 1 blocks of module-level executable AML code
[    7.245771] ACPI: Interpreter enabled
[    7.286724] ACPI: (supports S0 S5)
[    7.319933] ACPI: Using IOAPIC for interrupt routing
[    7.342738] PCI: Using host bridge windows from ACPI; if necessary, use "pci=nocrs" and report a bug
[    7.404599] ACPI: PCI Root Bridge [PCI0] (domain 0000 [bus 00-ff])
[    7.471936] acpi PNP0A03:00: _OSC: OS supports [ASPM ClockPM Segments MSI]
[    7.526888] acpi PNP0A03:00: _OSC: not requesting OS control; OS requires [ExtendedConfig ASPM ClockPM MSI]
[    7.632174] acpi PNP0A03:00: fail to add MMCONFIG information, can't access extended PCI configuration space under this bridge.
[    7.719669] PCI host bridge to bus 0000:00
[    7.757241] pci_bus 0000:00: root bus resource [io  0x0000-0x0cf7 window]
[    7.796698] pci_bus 0000:00: root bus resource [io  0x0d00-0xffff window]
[    7.798325] pci_bus 0000:00: root bus resource [mem 0x000a0000-0x000bffff window]
[    7.800345] pci_bus 0000:00: root bus resource [mem 0x40000000-0xffdfffff window]
[    7.836568] pci_bus 0000:00: root bus resource [bus 00-ff]
[    7.888546] pci 0000:00:01.1: legacy IDE quirk: reg 0x10: [io  0x01f0-0x01f7]
[    7.957733] pci 0000:00:01.1: legacy IDE quirk: reg 0x14: [io  0x03f6]
[    7.967928] pci 0000:00:01.1: legacy IDE quirk: reg 0x18: [io  0x0170-0x0177]
[    8.000918] pci 0000:00:01.1: legacy IDE quirk: reg 0x1c: [io  0x0376]
[    8.067867] pci 0000:00:07.0: quirk: [io  0x4000-0x403f] claimed by PIIX4 ACPI
[    8.101620] pci 0000:00:07.0: quirk: [io  0x4100-0x410f] claimed by PIIX4 SMB
[    8.149349] ACPI: PCI Interrupt Link [LNKA] (IRQs 5 9 10 *11)
[    8.199136] ACPI: PCI Interrupt Link [LNKB] (IRQs 5 9 10 *11)
[    8.249925] ACPI: PCI Interrupt Link [LNKC] (IRQs 5 9 *10 11)
[    8.264380] ACPI: PCI Interrupt Link [LNKD] (IRQs 5 *9 10 11)
[    8.294901] ACPI: Enabled 2 GPEs in block 00 to 07
[    8.349330] vgaarb: setting as boot device: PCI:0000:00:02.0
[    8.403844] vgaarb: device added: PCI:0000:00:02.0,decodes=io+mem,owns=io+mem,locks=none
[    8.497200] vgaarb: loaded
[    8.532834] vgaarb: bridge control possible 0000:00:02.0
[    8.599913] SCSI subsystem initialized
[    8.648854] ACPI: bus type USB registered
[    8.684046] usbcore: registered new interface driver usbfs
[    8.706756] usbcore: registered new interface driver hub
[    8.758629] usbcore: registered new device driver usb
[    8.806887] PCI: Using ACPI for IRQ routing
[    8.857031] NetLabel: Initializing
[    8.895311] NetLabel:  domain hash size = 128
[    8.919807] NetLabel:  protocols = UNLABELED CIPSOv4
[    8.930842] NetLabel:  unlabeled traffic allowed by default
[    8.934441] amd_nb: Cannot enumerate AMD northbridges
[    8.940679] clocksource: Switched to clocksource kvm-clock
[    8.975332] AppArmor: AppArmor Filesystem Enabled
[    9.023259] pnp: PnP ACPI init
[    9.072317] pnp: PnP ACPI: found 3 devices
[    9.166714] clocksource: acpi_pm: mask: 0xffffff max_cycles: 0xffffff, max_idle_ns: 2085701024 ns
[    9.346134] NET: Registered protocol family 2
[    9.444637] TCP established hash table entries: 8192 (order: 4, 65536 bytes)
[    9.580144] TCP bind hash table entries: 8192 (order: 5, 131072 bytes)
[    9.655505] TCP: Hash tables configured (established 8192 bind 8192)
[    9.805271] UDP hash table entries: 512 (order: 2, 16384 bytes)
[    9.899195] UDP-Lite hash table entries: 512 (order: 2, 16384 bytes)
[    9.977486] NET: Registered protocol family 1
[   10.028557] pci 0000:00:00.0: Limiting direct PCI/PCI transfers
[   10.030057] pci 0000:00:01.0: Activating ISA DMA hang workarounds
[   10.033549] Unpacking initramfs...
[   12.029398] Freeing initrd memory: 10792K
[   12.073320] RAPL PMU detected, API unit is 2^-32 Joules, 4 fixed counters 10737418240 ms ovfl timer
[   12.095951] hw unit of domain pp0-core 2^-0 Joules
[   12.099000] hw unit of domain package 2^-0 Joules
[   12.105226] hw unit of domain dram 2^-0 Joules
[   12.116164] hw unit of domain pp1-gpu 2^-0 Joules
[   12.120350] platform rtc_cmos: registered platform RTC device (no PNP device found)
[   12.140068] Scanning for low memory corruption every 60 seconds
[   12.150672] audit: initializing netlink subsys (disabled)
[   12.159504] audit: type=2000 audit(1508509603.562:1): initialized
[   12.181271] Initialise system trusted keyring
[   12.191440] HugeTLB registered 2 MB page size, pre-allocated 0 pages
[   12.218139] zbud: loaded
[   12.269790] VFS: Disk quotas dquot_6.6.0
[   12.315464] VFS: Dquot-cache hash table entries: 512 (order 0, 4096 bytes)
[   12.395375] squashfs: version 4.0 (2009/01/31) Phillip Lougher
[   12.428623] fuse init (API version 7.23)
[   12.435483] Key type big_key registered
[   12.478620] Allocating IMA MOK and blacklist keyrings.
[   12.556660] Key type asymmetric registered
[   12.559230] Asymmetric key parser 'x509' registered
[   12.629404] Block layer SCSI generic (bsg) driver version 0.4 loaded (major 249)
[   12.682703] io scheduler noop registered
[   12.683852] io scheduler deadline registered (default)
[   12.757464] io scheduler cfq registered
[   12.809128] pci_hotplug: PCI Hot Plug PCI Core version: 0.5
[   12.810421] pciehp: PCI Express Hot Plug Controller Driver version: 0.4
[   12.812262] ACPI: AC Adapter [AC] (off-line)
[   12.850572] input: Power Button as /devices/LNXSYSTM:00/LNXPWRBN:00/input/input0
[   12.870555] ACPI: Power Button [PWRF]
[   12.878999] input: Sleep Button as /devices/LNXSYSTM:00/LNXSLPBN:00/input/input1
[   12.967176] ACPI: Sleep Button [SLPF]
[   13.039790] GHES: HEST is not enabled!
[   13.139750] ACPI: Battery Slot [BAT0] (battery present)
[   13.193519] tsc: Refined TSC clocksource calibration: 1799.876 MHz
[   13.193701] Serial: 8250/16550 driver, 32 ports, IRQ sharing enabled
[   13.245174] 00:02: ttyS0 at I/O 0x3f8 (irq = 4, base_baud = 115200) is a 16550A
[   13.292356] Linux agpgart interface v0.103
[   13.295768] clocksource: tsc: mask: 0xffffffffffffffff max_cycles: 0x19f1b47adce, max_idle_ns: 440795295947 ns
[   13.296726] loop: module loaded
[   13.297262] scsi host0: ata_piix
[   13.297316] scsi host1: ata_piix
[   13.297346] ata1: PATA max UDMA/33 cmd 0x1f0 ctl 0x3f6 bmdma 0xd000 irq 14
[   13.297346] ata2: PATA max UDMA/33 cmd 0x170 ctl 0x376 bmdma 0xd008 irq 15
[   13.297417] libphy: Fixed MDIO Bus: probed
[   13.297420] tun: Universal TUN/TAP device driver, 1.6
[   13.297420] tun: (C) 1999-2004 Max Krasnyansky <maxk@qualcomm.com>
[   13.297719] PPP generic driver version 2.4.2
[   13.297789] ehci_hcd: USB 2.0 'Enhanced' Host Controller (EHCI) Driver
[   13.297793] ehci-pci: EHCI PCI platform driver
[   13.297814] ehci-platform: EHCI generic platform driver
[   13.297826] ohci_hcd: USB 1.1 'Open' Host Controller (OHCI) Driver
[   13.297830] ohci-pci: OHCI PCI platform driver
[   13.297839] ohci-platform: OHCI generic platform driver
[   13.297846] uhci_hcd: USB Universal Host Controller Interface driver
[   13.297902] i8042: PNP: PS/2 Controller [PNP0303:PS2K,PNP0f03:PS2M] at 0x60,0x64 irq 1,12
[   13.298372] serio: i8042 KBD port at 0x60,0x64 irq 1
[   13.298375] serio: i8042 AUX port at 0x60,0x64 irq 12
[   13.298471] mousedev: PS/2 mouse device common for all mice
[   13.298755] input: AT Translated Set 2 keyboard as /devices/platform/i8042/serio0/input/input2
[   13.299087] rtc_cmos rtc_cmos: rtc core: registered rtc_cmos as rtc0
[   13.299142] rtc_cmos rtc_cmos: alarms up to one day, 114 bytes nvram
[   13.299148] i2c /dev entries driver
[   13.299196] device-mapper: uevent: version 1.0.3
[   13.299275] device-mapper: ioctl: 4.34.0-ioctl (2015-10-28) initialised: dm-devel@redhat.com
[   13.299292] ledtrig-cpu: registered to indicate activity on CPUs
[   13.299789] NET: Registered protocol family 10
[   13.299925] NET: Registered protocol family 17
[   13.299935] Key type dns_resolver registered
[   13.300056] microcode: CPU0 sig=0x306d4, pf=0x40, revision=0x0
[   13.305715] microcode: CPU1 sig=0x306d4, pf=0x40, revision=0x0
[   13.305755] microcode: Microcode Update Driver: v2.01 <tigran@aivazian.fsnet.co.uk>, Peter Oruba
[   13.305874] registered taskstats version 1
[   13.305892] Loading compiled-in X.509 certificates
[   13.306545] Loaded X.509 cert 'Build time autogenerated kernel key: d1010f9627fd9242df4b03365d2931dfd1ad3d42'
[   13.306562] zswap: loaded using pool lzo/zbud
[   13.307925] Key type trusted registered
[   13.310128] Key type encrypted registered
[   13.310133] AppArmor: AppArmor sha1 policy hashing enabled
[   13.310136] ima: No TPM chip found, activating TPM-bypass!
[   13.310154] evm: HMAC attrs: 0x1
[   13.310467]   Magic number: 5:387:435
[   13.319303] rtc_cmos rtc_cmos: setting system clock to 2017-10-20 14:26:47 UTC (1508509607)
[   13.319407] BIOS EDD facility v0.16 2004-Jun-25, 0 devices found
[   13.319407] EDD information not available.
[   15.078352] Freeing unused kernel memory: 1492K
[   15.163996] Write protecting the kernel read-only data: 14336k
[   15.225775] Freeing unused kernel memory: 1748K
[   15.306170] Freeing unused kernel memory: 112K
Loading, please [   15.418677] random: systemd-udevd: uninitialized urandom read (16 bytes read, 5 bits of entropy available)
wait...
startin[   15.419325] random: udevadm: uninitialized urandom read (16 bytes read, 5 bits of entropy available)
g version 229
[   15.419361] random: udevadm: uninitialized urandom read (16 bytes read, 5 bits of entropy available)
[   15.419470] random: udevadm: uninitialized urandom read (16 bytes read, 5 bits of entropy available)
[   15.419508] random: udevadm: uninitialized urandom read (16 bytes read, 5 bits of entropy available)
[   15.419547] random: udevadm: uninitialized urandom read (16 bytes read, 5 bits of entropy available)
[   15.419584] random: udevadm: uninitialized urandom read (16 bytes read, 5 bits of entropy available)
[   15.419620] random: udevadm: uninitialized urandom read (16 bytes read, 5 bits of entropy available)
[   15.419654] random: udevadm: uninitialized urandom read (16 bytes read, 5 bits of entropy available)
[   15.419727] random: udevadm: uninitialized urandom read (16 bytes read, 5 bits of entropy available)
[   15.925437] Fusion MPT base driver 3.04.20
[   15.938609] Copyright (c) 1999-2008 LSI Corporation
[   15.940135] e1000: Intel(R) PRO/1000 Network Driver - version 7.3.21-k8-NAPI
[   15.942943] e1000: Copyright (c) 1999-2006 Intel Corporation.
[   15.959288] Fusion MPT SPI Host driver 3.04.20
[   15.979720] AVX version of gcm_enc/dec engaged.
[   15.993096] AES CTR mode by8 optimization enabled
[   16.151361] input: ImExPS/2 Generic Explorer Mouse as /devices/platform/i8042/serio1/input/input4
[   16.409762] e1000 0000:00:03.0 eth0: (PCI:33MHz:32-bit) 02:14:68:3e:84:47
[   16.415428] e1000 0000:00:03.0 eth0: Intel(R) PRO/1000 Network Connection
[   16.833674] e1000 0000:00:08.0 eth1: (PCI:33MHz:32-bit) 08:00:27:b0:1e:0c
[   16.926376] e1000 0000:00:08.0 eth1: Intel(R) PRO/1000 Network Connection
[   17.007213] e1000 0000:00:03.0 enp0s3: renamed from eth0
[   17.042543] mptbase: ioc0: Initiating bringup
[   17.101687] e1000 0000:00:08.0 enp0s8: renamed from eth1
[   17.185180] ioc0: LSI53C1030 A0: Capabilities={Initiator}
[   17.472055] scsi host2: ioc0: LSI53C1030 A0, FwRev=00000000h, Ports=1, MaxQ=256, IRQ=20
[   17.699569] scsi 2:0:0:0: Direct-Access     VBOX     HARDDISK         1.0  PQ: 0 ANSI: 5
[   17.722875] scsi target2:0:0: Beginning Domain Validation
[   17.784387] scsi target2:0:0: Domain Validation skipping write tests
[   17.868453] scsi target2:0:0: Ending Domain Validation
[   17.930436] scsi target2:0:0: asynchronous
[   17.990696] scsi 2:0:1:0: Direct-Access     VBOX     HARDDISK         1.0  PQ: 0 ANSI: 5
[   18.067464] scsi target2:0:1: Beginning Domain Validation
[   18.116236] scsi target2:0:1: Domain Validation skipping write tests
[   18.211886] scsi target2:0:1: Ending Domain Validation
[   18.213217] scsi target2:0:1: asynchronous
[   18.220554] sd 2:0:0:0: [sda] 20971520 512-byte logical blocks: (10.7 GB/10.0 GiB)
[   18.298756] sd 2:0:0:0: Attached scsi generic sg0 type 0
[   18.353612] sd 2:0:1:0: [sdb] 20480 512-byte logical blocks: (10.5 MB/10.0 MiB)
[   18.403264] sd 2:0:0:0: [sda] Write Protect is off
[   18.403393] sd 2:0:1:0: [sdb] Write Protect is off
[   18.403488] sd 2:0:1:0: [sdb] Incomplete mode parameter data
[   18.403489] sd 2:0:1:0: [sdb] Assuming drive cache: write through
[   18.405060] sd 2:0:1:0: [sdb] Attached SCSI disk
[   18.468948] sd 2:0:1:0: Attached scsi generic sg1 type 0
[   18.710791] sd 2:0:0:0: [sda] Incomplete mode parameter data
[   18.820968] sd 2:0:0:0: [sda] Assuming drive cache: write through
[   18.912630]  sda: sda1
[   18.936763] sd 2:0:0:0: [sda] Attached SCSI disk
[   18.984987] floppy0: no floppy controllers found
Begin: Loading e[   20.427070] md: linear personality registered for level -1
ssential drivers[   20.494255] md: multipath personality registered for level -4
 ... [   20.541133] md: raid0 personality registered for level 0
[   20.546933] md: raid1 personality registered for level 1
[   20.684853] raid6: sse2x1   gen()  8512 MB/s
[   20.800769] raid6: sse2x1   xor()  6493 MB/s
[   20.932983] raid6: sse2x2   gen() 10063 MB/s
[   21.076689] raid6: sse2x2   xor()  6719 MB/s
[   21.206684] raid6: sse2x4   gen() 12606 MB/s
[   21.276758] raid6: sse2x4   xor()  5291 MB/s
[   21.285305] raid6: using algorithm sse2x4 gen() 12606 MB/s
[   21.312546] raid6: .... xor() 5291 MB/s, rmw enabled
[   21.399969] raid6: using ssse3x2 recovery algorithm
[   21.438467] xor: automatically using best checksumming function:
[   21.540750]    avx       : 20177.000 MB/sec
[   21.578644] async_tx: api initialized (async)
[   21.608003] md: raid6 personality registered for level 6
[   21.646939] md: raid5 personality registered for level 5
[   21.707179] md: raid4 personality registered for level 4
[   21.755730] md: raid10 personality registered for level 10
done.
Begin: Running /scripts/init-premount ... done.
Begin: Mounting root fil[   21.830826] Btrfs loaded
e system ... Begin: Running /scripts/local-top ... done.
Begin: Running /scripts/local-premount ... Scanning for Btrfs filesystems
done.
Warning: fsck no[   21.910237] EXT4-fs (sda1): mounted filesystem with ordered data mode. Opts: (null)
t present, so skipping root file system
done.
Begin: Running /scripts/local-bottom ... done.
Begin: Running /scripts/init-bottom ... done.
[   22.034572] systemd[1]: systemd 229 running in system mode. (+PAM +AUDIT +SELINUX +IMA +APPARMOR +SMACK +SYSVINIT +UTMP +LIBCRYPTSETUP +GCRYPT +GNUTLS +ACL +XZ -LZ4 +SECCOMP +BLKID +ELFUTILS +KMOD -IDN)
[   22.120985] systemd[1]: Detected virtualization oracle.
[   22.122245] systemd[1]: Detected architecture x86-64.

Welcome to [1mUbuntu 16.04.3 LTS[0m!

[   22.191007] systemd[1]: Set hostname to <ubuntu-xenial>.
[   22.577819] systemd[1]: Listening on udev Kernel Socket.
[[0;32m  OK  [0m] Listening on udev Kernel Socket.
[   22.717661] systemd[1]: Created slice User and Session Slice.
[[0;32m  OK  [0m] Created slice User and Session Slice.
[   22.885537] systemd[1]: Reached target Swap.
[[0;32m  OK  [0m] Reached target Swap.
[   22.979718] systemd[1]: Listening on LVM2 metadata daemon socket.
[[0;32m  OK  [0m] Listening on LVM2 metadata daemon socket.
[   23.001586] systemd[1]: Set up automount Arbitrary Executable File Formats File System Automount Point.
[[0;32m  OK  [0m] Set up automount Arbitrary Executab...ats File System Automount Point.
[   23.164684] systemd[1]: Started Forward Password Requests to Wall Directory Watch.
[[0;32m  OK  [0m] Started Forward Password Requests to Wall Directory Watch.
[   23.374174] systemd[1]: Created slice System Slice.
[[0;32m  OK  [0m] Created slice System Slice.
[   23.404401] systemd[1]: Created slice system-serial\x2dgetty.slice.
[[0;32m  OK  [0m] Created slice system-serial\x2dgetty.slice.
[   23.449200] systemd[1]: Reached target Slices.
[[0;32m  OK  [0m] Reached target Slices.
[   23.485371] systemd[1]: Listening on udev Control Socket.
[[0;32m  OK  [0m] Listening on udev Control Socket.
[   23.599512] systemd[1]: Reached target User and Group Name Lookups.
[[0;32m  OK  [0m] Reached target User and Group Name Lookups.
[   23.709267] systemd[1]: Listening on Journal Audit Socket.
[[0;32m  OK  [0m] Listening on Journal Audit Socket.
[   23.861451] systemd[1]: Listening on Device-mapper event daemon FIFOs.
[[0;32m  OK  [0m] Listening on Device-mapper event daemon FIFOs.
[   24.029870] systemd[1]: Started Trigger resolvconf update for networkd DNS.
[[0;32m  OK  [0m] Started Trigger resolvconf update for networkd DNS.
[   24.048779] systemd[1]: Reached target Encrypted Volumes.
[[0;32m  OK  [0m] Reached target Encrypted Volumes.
[   24.193808] systemd[1]: Listening on Syslog Socket.
[[0;32m  OK  [0m] Listening on Syslog Socket.
[   24.289491] systemd[1]: Listening on Journal Socket.
[[0;32m  OK  [0m] Listening on Journal Socket.
[   24.437151] systemd[1]: Starting Uncomplicated firewall...
[   24.513165] random: nonblocking pool is initialized
         Starting Uncomplicated firewall...
[   24.597259] systemd[1]: Starting Remount Root and Kernel File Systems...
         Starting Remount Root and Kernel File Systems...
[   24.662863] EXT4-fs (sda1): re-mounted. Opts: (null)
[   24.693356] systemd[1]: Starting Monitoring of LVM2 mirrors, snapshots etc. using dmeventd or progress polling...
         Starting Monitoring of LVM2 mirrors... dmeventd or progress polling...
[   24.762457] systemd[1]: Starting Load Kernel Modules...
         Starting Load Ke[   24.817957] Loading iSCSI transport class v2.0-870.
rnel Modules...
[   24.920914] systemd[1]: Starting Nameserver information manager...
         [   24.988170] iscsi: registered transport (tcp)
Starting Nameserver information manager...
[   25.068147] iscsi: registered transport (iser)
[   25.121222] systemd[1]: Mounting POSIX Message Queue File System...
         Mounting POSIX Message Queue File System...
[   25.130785] systemd[1]: Starting Set console keymap...
         Starting Set console keymap...
[   25.170514] systemd[1]: Listening on LVM2 poll daemon socket.
[[0;32m  OK  [0m] Listening on LVM2 poll daemon socket.
[   25.213263] systemd[1]: Mounting Huge Pages File System...
         Mounting Huge Pages File System...
[   25.277487] systemd[1]: Mounting Debug File System...
         Mounting Debug File System...
[   25.329334] systemd[1]: Starting Create list of required static device nodes for the current kernel...
         Starting Create list of required st... nodes for the current kernel...
[   25.406100] systemd[1]: Listening on /dev/initctl Compatibility Named Pipe.
[[0;32m  OK  [0m] Listening on /dev/initctl Compatibility Named Pipe.
[   25.589631] systemd[1]: Listening on Journal Socket (/dev/log).
[[0;32m  OK  [0m] Listening on Journal Socket (/dev/log).
[   25.665367] systemd[1]: Starting Journal Service...
         Starting Journal Service...
[   25.734358] systemd[1]: Mounted Debug File System.
[[0;32m  OK  [0m] Mounted Debug File System.
[   25.805205] systemd[1]: Mounted Huge Pages File System.
[[0;32m  OK  [0m] Mounted Huge Pages File System.
[   25.828695] systemd[1]: Mounted POSIX Message Queue File System.
[[0;32m  OK  [0m] Mounted POSIX Message Queue File System.
[   25.973561] systemd[1]: Started Journal Service.
[[0;32m  OK  [0m] Started Journal Service.
[[0;32m  OK  [0m] Started Uncomplicated firewall.
[[0;32m  OK  [0m] Started Remount Root and Kernel File Systems.
[[0;32m  OK  [0m] Started Load Kernel Modules.
[[0;32m  OK  [0m] Started Set console keymap.
[[0;32m  OK  [0m] Started Create list of required sta...ce nodes for the current kernel.
[[0;32m  OK  [0m] Started Nameserver information manager.
[[0;32m  OK  [0m] Started LVM2 metadata daemon.
         Starting Create Static Device Nodes in /dev...
         Mounting FUSE Control File System...
         Starting Apply Kernel Variables...
         Starting udev Coldplug all Devices...
         Starting Load/Save Random Seed...
         Starting Initial cloud-init job (pre-networking)...
         Starting Flush Journal to Persistent Storage...
[[0;32m  OK  [0m] Mounted FUSE Control File System.
[[0;32m  OK  [0m] Started Create Static Device Nodes in /dev.
[[0;32m  OK  [0m] Started Apply Kernel Variables.
[[0;32m  OK  [0m] Started Load/Save Random Seed.
[[0;32m  OK  [0m] Started udev Coldplug all Devices.
[[0;32m  OK  [0m] Started Monitoring of LVM2 mirrors,...ng dmeventd or progress polling.
         Starting udev Kernel Device Manager...
[[0;32m  OK  [0m] Started udev Kernel Device Manager.
[[0;32m  OK  [0m] Started Flush Journal to Persistent Storage.
[[0;32m  OK  [0m] Reached target Local File Systems (Pre).
[[0;32m  OK  [0m] Reached target Local File Systems.
         Starting Tell Plymouth To Write Out Runtime Data...
         Starting Set console font and keymap...
         Starting LSB: AppArmor initialization...
         Starting Create Volatile Files and Directories...
[[0;32m  OK  [0m] Started Dispatch Password Requests to Console Directory Watch.
[[0;32m  OK  [0m] Started Tell Plymouth To Write Out Runtime Data.
[[0;32m  OK  [0m] Started Create Volatile Files and Directories.
[[0;32m  OK  [0m] Found device /dev/ttyS0.
[[0;32m  OK  [0m] Reached target System Time Synchronized.
         Starting Update UTMP about System Boot/Shutdown...
[[0;32m  OK  [0m] Started LSB: AppArmor initialization.
[[0;32m  OK  [0m] Listening on Load/Save RF Kill Switch Status /dev/rfkill Watch.
[[0;32m  OK  [0m] Started Set console font and keymap.
[[0;32m  OK  [0m] Started Update UTMP about System Boot/Shutdown.
[[0;32m  OK  [0m] Found device 82540EM Gigabit Ethern...r (PRO/1000 MT Desktop Adapter).
[[0;32m  OK  [0m] Created slice system-getty.slice.
[   20.326080] cloud-init[455]: Cloud-init v. 0.7.9 running 'init-local' at Fri, 20 Oct 2017 14:27:02 +0000. Up 19.95 seconds.
[[0;32m  OK  [0m] Found device 82540EM Gigabit Ethern...r (PRO/1000 MT Desktop Adapter).
[[0;32m  OK  [0m] Started Initial cloud-init job (pre-networking).
[[0;32m  OK  [0m] Reached target Network (Pre).
[[0;32m  OK  [0m] Started ifup for enp0s8.
[[0;32m  OK  [0m] Started ifup for enp0s3.
         Starting Raise network interfaces...
[[0;32m  OK  [0m] Started Raise network interfaces.
         Starting Initial cloud-init job (metadata service crawler)...
[[0;32m  OK  [0m] Reached target Network.
[   22.826131] cloud-init[1046]: Cloud-init v. 0.7.9 running 'init' at Fri, 20 Oct 2017 14:27:04 +0000. Up 22.38 seconds.
[[0;32m  OK  [0m] Started Initial cloud-init job (metadata service crawler).
[[0;32m  OK  [0m[   22.904426] cloud-init[1046]: ci-info: ++++++++++++++++++++++++++++++++++++++Net device info++++++++++++++++++++++++++++++++++++++
[   22.959750] cloud-init[1046]: ci-info: +--------+------+-----------------------------+---------------+-------+-------------------+
[   22.959995] cloud-init[1046]: ci-info: | Device |  Up  |           Address           |      Mask     | Scope |     Hw-Address    |
] Reached target System Initialization.
[   22.960404] cloud-init[1046]: ci-info: +--------+------+-----------------------------+---------------+-------+-------------------+
[   23.087659] cloud-init[1046]: ci-info: |   lo   | True |          127.0.0.1          |   255.0.0.0   |   .   |         .         |
[   23.088100] cloud-init[1046]: ci-info: |   lo   | True |           ::1/128           |       .       |  host |         .         |
         Starting LXD - unix socket.
[   23.088379] cloud-init[1046]: ci-info: | enp0s8 | True |        192.168.10.100       | 255.255.255.0 |   .   | 08:00:27:b0:1e:0c |
[   23.286301] cloud-init[1046]: ci-info: | enp0s8 | True | fe80::a00:27ff:feb0:1e0c/64 |       .       |  link | 08:00:27:b0:1e:0c |
[[0;32m  OK  [0m] Listening on D-Bus System Message Bus Socket.
[   23.286625] cloud-init[1046]: ci-info: | enp0s3 | True |          10.0.2.15          | 255.255.255.0 |   .   | 02:14:68:3e:84:47 |
[   23.456528] cloud-init[1046]: ci-info: | enp0s3 | True |  fe80::14:68ff:fe3e:8447/64 |       .       |  link | 02:14:68:3e:84:47 |
[   23.457149] cloud-init[1046]: ci-info: +--------+------+-----------------------------+---------------+-------+-------------------+
[[0;32m  OK  [0m] Started ACPI Events Check.
[[   23.457517] cloud-init[1046]: ci-info: ++++++++++++++++++++++++++++Route IPv4 info++++++++++++++++++++++++++++
[   23.537468] cloud-init[1046]: ci-info: +-------+--------------+----------+---------------+-----------+-------+
[0;32m  OK  [0m] Reached target Paths.
[   23.537730] cloud-init[1046]: ci-info: | Route | Destination  | Gateway  |    Genmask    | Interface | Flags |
[   23.720934] cloud-init[1046]: ci-info: +-------+--------------+----------+---------------+-----------+-------+
[   23.721456] cloud-init[1046]: ci-info: |   0   |   0.0.0.0    | 10.0.2.2 |    0.0.0.0    |   enp0s3  |   UG  |
[[0;32m  OK  [0m] Started Timer to automatically refresh installed snaps.
[[   23.721865] cloud-init[1046]: ci-info: |   1   |   10.0.2.0   | 0.0.0.0  | 255.255.255.0 |   enp0s3  |   U   |
[   23.881344] cloud-init[1046]: ci-info: |   2   | 192.168.10.0 | 0.0.0.0  | 255.255.255.0 |   enp0s8  |   U   |
[   23.881668] cloud-init[1046]: ci-info: +-------+--------------+----------+---------------+-----------+-------+
[0;32m  OK  [0m] Started Timer to automatically fetch and run repair assertions.
[[0;32m  OK  [0m] Started Daily Cleanup of Temporary Directories.
         Starting Socket activation for snappy daemon.
[[0;32m  OK  [0m] Listening on UUID daemon activation socket.
[[0;32m  OK  [0m] Listening on ACPID Listen Socket.
[[0;32m  OK  [0m] Reached target Network is Online.
         Starting iSCSI initiator daemon (iscsid)...
[[0;32m  OK  [0m] Started Daily apt download activities.
[[0;32m  OK  [0m] Started Daily apt upgrade and clean activities.
[[0;32m  OK  [0m] Reached target Timers.
[[0;32m  OK  [0m] Reached target Cloud-config availability.
[[0;32m  OK  [0m] Listening on LXD - unix socket.
[[0;32m  OK  [0m] Listening on Socket activation for snappy daemon.
[[0;32m  OK  [0m] Reached target Sockets.
[[0;32m  OK  [0m] Reached target Basic System.
[[0;32m  OK  [0m] Started Deferred execution scheduler.
[[0;32m  OK  [0m] Started D-Bus System Message Bus.
[[0;32m  OK  [0m] Started FUSE filesystem for LXC.
         Starting Login Service...
[[0;32m  OK  [0m] Started ACPI event daemon.
         Starting OpenBSD Secure Shell server...
         Starting LSB: MD monitoring daemon...
         Starting System Logging Service...
         Starting A high performance web server and a reverse proxy server...
[[0;32m  OK  [0m] Started Unattended Upgrades Shutdown.
         Starting LSB: Record successful boot for GRUB...
         Starting Apply the settings specified in cloud-config...
         Starting Snappy daemon...
[[0;32m  OK  [0m] Started Regular background program processing daemon.
         Starting Accounts Service...
         Starting /etc/rc.local Compatibility...
         Starting LXD - container startup/shutdown...
[[0;32m  OK  [0m] Started OpenBSD Secure Shell server.
[[0;32m  OK  [0m] Started System Logging Service.
[[0;32m  OK  [0m] Started Snappy daemon.
[[0;32m  OK  [0m] Started iSCSI initiator daemon (iscsid).
[[0;32m  OK  [0m] Started /etc/rc.local Compatibility.
[[0;32m  OK  [0m] Started LXD - container startup/shutdown.
[[0;32m  OK  [0m] Started A high performance web server and a reverse proxy server.
[[0;32m  OK  [0m] Started LSB: MD monitoring daemon.
[[0;32m  OK  [0m] Started LSB: Record successful boot for GRUB.
[[0;32m  OK  [0m] Started Login Service.
         Starting Authenticate and Authorize Users to Run Privileged Tasks...
[   25.711621] cloud-init[1136]: Cloud-init v. 0.7.9 running 'modules:config' at Fri, 20 Oct 2017 14:27:08 +0000. Up 25.56 seconds.
         Starting Login to default iSCSI targets...
         Starting Auto import assertions from block devices...
[[0;32m  OK  [0m] Started Apply the settings specified in cloud-config.
[[0;32m  OK  [0m] Started Auto import assertions from block devices.
[[0;32m  OK  [0m] Started Authenticate and Authorize Users to Run Privileged Tasks.
[[0;32m  OK  [0m] Started Accounts Service.
[[0;32m  OK  [0m] Started Login to default iSCSI targets.
[[0;32m  OK  [0m] Reached target Remote File Systems (Pre).
[[0;32m  OK  [0m] Reached target Remote File Systems.
         Starting LSB: automatic crash report generation...
         Starting Permit User Sessions...
         Starting LSB: VirtualBox Linux Additions...
         Starting LSB: Set the CPU Frequency Scaling governor to "ondemand"...
         Starting LSB: daemon to balance interrupts for SMP systems...
[[0;32m  OK  [0m] Started Permit User Sessions.
         Starting Terminate Plymouth Boot Screen...
         Starting Hold until boot process finishes up...
[[0;32m  OK  [0m] Started LSB: automatic crash report generation.
[[0;32m  OK  [0m] Started LSB: Set the CPU Frequency Scaling governor to "ondemand".
[[0;32m  OK  [0m] Started LSB: VirtualBox Linux Additions.
[[0;32m  OK  [0m] Started LSB: daemon to balance interrupts for SMP systems.
[[0;32m  OK  [0m] Started Terminate Plymouth Boot Screen.
[[0;32m  OK  [0m] Started Hold until boot process finishes up.
[[0;32m  OK  [0m] Created slice User Slice of ubuntu.
[[0;32m  OK  [0m] Started Session 1 of user ubuntu.
         Starting User Manager for UID 1000...
[[0;32m  OK  [0m] Started Serial Getty on ttyS0.
[[0;32m  OK  [0m] Started Getty on tty1.
[[0;32m  OK  [0m] Reached target Login Prompts.
         Starting Set console scheme...
[[0;32m  OK  [0m] Reached target Multi-User System.
         Starting Execute cloud user/final scripts...
[[0;32m  OK  [0m] Reached target Graphical Interface.
         Starting Update UTMP about System Runlevel Changes...
[[0;32m  OK  [0m] Started User Manager for UID 1000.
[[0;32m  OK  [0m] Started Set console scheme.
[[0;32m  OK  [0m] Started Update UTMP about System Runlevel Changes.
[   27.557289] cloud-init[1291]: Cloud-init v. 0.7.9 running 'modules:final' at Fri, 20 Oct 2017 14:27:09 +0000. Up 27.37 seconds.
[   27.684997] [cloud-init[0;32m  OK  [0m[1291]: ] Cloud-init v. 0.7.9 finished at Fri, 20 Oct 2017 14:27:10 +0000. Datasource DataSourceNoCloud [seed=/dev/sdb][dsmode=net].  Up 27.54 secondsStarted Execute cloud user/final scripts.

[[0;32m  OK  [0m] Reached target Cloud-init target.

Ubuntu 16.04.3 LTS ubuntu-xenial ttyS0

ubuntu-xenial login: 