[    0.000000] Initializing cgroup subsys cpuset
[    0.000000] Initializing cgroup subsys cpu
[    0.000000] Initializing cgroup subsys cpuacct
[    0.000000] Linux version 4.4.0-97-generic (buildd@lcy01-33) (gcc version 5.4.0 20160609 (Ubuntu 5.4.0-6ubuntu1~16.04.4) ) #120-Ubuntu SMP Tue Sep 19 17:28:18 UTC 2017 (Ubuntu 4.4.0-97.120-generic 4.4.87)
[    0.000000] Command line: BOOT_IMAGE=/boot/vmlinuz-4.4.0-97-generic root=LABEL=cloudimg-rootfs ro console=tty1 console=ttyS0
[    0.000000] KERNEL supported cpus:
[    0.000000]   Intel GenuineIntel
[    0.000000]   AMD AuthenticAMD
[    0.000000]   Centaur CentaurHauls
[    0.000000] x86/fpu: xstate_offset[2]:  576, xstate_sizes[2]:  256
[    0.000000] x86/fpu: Supporting XSAVE feature 0x01: 'x87 floating point registers'
[    0.000000] x86/fpu: Supporting XSAVE feature 0x02: 'SSE registers'
[    0.000000] x86/fpu: Supporting XSAVE feature 0x04: 'AVX registers'
[    0.000000] x86/fpu: Enabled xstate features 0x7, context size is 832 bytes, using 'standard' format.
[    0.000000] x86/fpu: Using 'lazy' FPU context switches.
[    0.000000] e820: BIOS-provided physical RAM map:
[    0.000000] BIOS-e820: [mem 0x0000000000000000-0x000000000009fbff] usable
[    0.000000] BIOS-e820: [mem 0x000000000009fc00-0x000000000009ffff] reserved
[    0.000000] BIOS-e820: [mem 0x00000000000f0000-0x00000000000fffff] reserved
[    0.000000] BIOS-e820: [mem 0x0000000000100000-0x000000003ffeffff] usable
[    0.000000] BIOS-e820: [mem 0x000000003fff0000-0x000000003fffffff] ACPI data
[    0.000000] BIOS-e820: [mem 0x00000000fec00000-0x00000000fec00fff] reserved
[    0.000000] BIOS-e820: [mem 0x00000000fee00000-0x00000000fee00fff] reserved
[    0.000000] BIOS-e820: [mem 0x00000000fffc0000-0x00000000ffffffff] reserved
[    0.000000] NX (Execute Disable) protection: active
[    0.000000] SMBIOS 2.5 present.
[    0.000000] Hypervisor detected: KVM
[    0.000000] e820: last_pfn = 0x3fff0 max_arch_pfn = 0x400000000
[    0.000000] MTRR: Disabled
[    0.000000] x86/PAT: MTRRs disabled, skipping PAT initialization too.
[    0.000000] CPU MTRRs all blank - virtualized system.
[    0.000000] x86/PAT: Configuration [0-7]: WB  WT  UC- UC  WB  WT  UC- UC  
[    0.000000] found SMP MP-table at [mem 0x0009fff0-0x0009ffff] mapped at [ffff88000009fff0]
[    0.000000] Scanning 1 areas for low memory corruption
[    0.000000] RAMDISK: [mem 0x36adc000-0x37565fff]
[    0.000000] ACPI: Early table checksum verification disabled
[    0.000000] ACPI: RSDP 0x00000000000E0000 000024 (v02 VBOX  )
[    0.000000] ACPI: XSDT 0x000000003FFF0030 00003C (v01 VBOX   VBOXXSDT 00000001 ASL  00000061)
[    0.000000] ACPI: FACP 0x000000003FFF00F0 0000F4 (v04 VBOX   VBOXFACP 00000001 ASL  00000061)
[    0.000000] ACPI: DSDT 0x000000003FFF0470 0021FF (v02 VBOX   VBOXBIOS 00000002 INTL 20100528)
[    0.000000] ACPI: FACS 0x000000003FFF0200 000040
[    0.000000] ACPI: FACS 0x000000003FFF0200 000040
[    0.000000] ACPI: APIC 0x000000003FFF0240 00005C (v02 VBOX   VBOXAPIC 00000001 ASL  00000061)
[    0.000000] ACPI: SSDT 0x000000003FFF02A0 0001CC (v01 VBOX   VBOXCPUT 00000002 INTL 20100528)
[    0.000000] No NUMA configuration found
[    0.000000] Faking a node at [mem 0x0000000000000000-0x000000003ffeffff]
[    0.000000] NODE_DATA(0) allocated [mem 0x3ffeb000-0x3ffeffff]
[    0.000000] kvm-clock: Using msrs 4b564d01 and 4b564d00
[    0.000000] kvm-clock: cpu 0, msr 0:3ffe3001, primary cpu clock
[    0.000000] kvm-clock: using sched offset of 3107953836 cycles
[    0.000000] clocksource: kvm-clock: mask: 0xffffffffffffffff max_cycles: 0x1cd42e4dffb, max_idle_ns: 881590591483 ns
[    0.000000] Zone ranges:
[    0.000000]   DMA      [mem 0x0000000000001000-0x0000000000ffffff]
[    0.000000]   DMA32    [mem 0x0000000001000000-0x000000003ffeffff]
[    0.000000]   Normal   empty
[    0.000000]   Device   empty
[    0.000000] Movable zone start for each node
[    0.000000] Early memory node ranges
[    0.000000]   node   0: [mem 0x0000000000001000-0x000000000009efff]
[    0.000000]   node   0: [mem 0x0000000000100000-0x000000003ffeffff]
[    0.000000] Initmem setup node 0 [mem 0x0000000000001000-0x000000003ffeffff]
[    0.000000] ACPI: PM-Timer IO Port: 0x4008
[    0.000000] IOAPIC[0]: apic_id 2, version 32, address 0xfec00000, GSI 0-23
[    0.000000] ACPI: INT_SRC_OVR (bus 0 bus_irq 0 global_irq 2 dfl dfl)
[    0.000000] ACPI: INT_SRC_OVR (bus 0 bus_irq 9 global_irq 9 high level)
[    0.000000] Using ACPI (MADT) for SMP configuration information
[    0.000000] smpboot: Allowing 2 CPUs, 0 hotplug CPUs
[    0.000000] PM: Registered nosave memory: [mem 0x00000000-0x00000fff]
[    0.000000] PM: Registered nosave memory: [mem 0x0009f000-0x0009ffff]
[    0.000000] PM: Registered nosave memory: [mem 0x000a0000-0x000effff]
[    0.000000] PM: Registered nosave memory: [mem 0x000f0000-0x000fffff]
[    0.000000] e820: [mem 0x40000000-0xfebfffff] available for PCI devices
[    0.000000] Booting paravirtualized kernel on KVM
[    0.000000] clocksource: refined-jiffies: mask: 0xffffffff max_cycles: 0xffffffff, max_idle_ns: 7645519600211568 ns
[    0.000000] setup_percpu: NR_CPUS:512 nr_cpumask_bits:512 nr_cpu_ids:2 nr_node_ids:1
[    0.000000] PERCPU: Embedded 34 pages/cpu @ffff88003fc00000 s98328 r8192 d32744 u1048576
[    0.000000] PV qspinlock hash table entries: 256 (order: 0, 4096 bytes)
[    0.000000] Built 1 zonelists in Node order, mobility grouping on.  Total pages: 257913
[    0.000000] Policy zone: DMA32
[    0.000000] Kernel command line: BOOT_IMAGE=/boot/vmlinuz-4.4.0-97-generic root=LABEL=cloudimg-rootfs ro console=tty1 console=ttyS0
[    0.000000] PID hash table entries: 4096 (order: 3, 32768 bytes)
[    0.000000] Memory: 1001772K/1048120K available (8480K kernel code, 1294K rwdata, 3984K rodata, 1492K init, 1316K bss, 46348K reserved, 0K cma-reserved)
[    0.000000] SLUB: HWalign=64, Order=0-3, MinObjects=0, CPUs=2, Nodes=1
[    0.000000] Hierarchical RCU implementation.
[    0.000000] 	Build-time adjustment of leaf fanout to 64.
[    0.000000] 	RCU restricting CPUs from NR_CPUS=512 to nr_cpu_ids=2.
[    0.000000] RCU: Adjusting geometry for rcu_fanout_leaf=64, nr_cpu_ids=2
[    0.000000] NR_IRQS:33024 nr_irqs:440 16
[    0.000000] Console: colour VGA+ 80x25
[    0.000000] console [tty1] enabled
[    0.000000] console [ttyS0] enabled
[    0.000000] tsc: Detected 1799.999 MHz processor
[    1.990031] Calibrating delay loop (skipped) preset value.. 3599.99 BogoMIPS (lpj=7199996)
[    1.992073] pid_max: default: 32768 minimum: 301
[    2.008828] ACPI: Core revision 20150930
[    2.046958] ACPI: 2 ACPI AML tables successfully acquired and loaded
[    2.114509] Security Framework initialized
[    2.153993] Yama: becoming mindful.
[    2.195379] AppArmor: AppArmor initialized
[    2.261365] Dentry cache hash table entries: 131072 (order: 8, 1048576 bytes)
[    2.355187] Inode-cache hash table entries: 65536 (order: 7, 524288 bytes)
[    2.418971] Mount-cache hash table entries: 2048 (order: 2, 16384 bytes)
[    2.445616] Mountpoint-cache hash table entries: 2048 (order: 2, 16384 bytes)
[    2.447346] Initializing cgroup subsys io
[    2.448353] Initializing cgroup subsys memory
[    2.449496] Initializing cgroup subsys devices
[    2.450577] Initializing cgroup subsys freezer
[    2.451655] Initializing cgroup subsys net_cls
[    2.493342] Initializing cgroup subsys perf_event
[    2.537891] Initializing cgroup subsys net_prio
[    2.539098] Initializing cgroup subsys hugetlb
[    2.565594] Initializing cgroup subsys pids
[    2.593753] CPU: Physical Processor ID: 0
[    2.620591] CPU: Processor Core ID: 0
[    2.668903] mce: CPU supports 0 MCE banks
[    2.697903] Last level iTLB entries: 4KB 64, 2MB 8, 4MB 8
[    2.709620] Last level dTLB entries: 4KB 64, 2MB 0, 4MB 0, 1GB 4
[    2.790888] Freeing SMP alternatives memory: 32K
[    2.845851] ftrace: allocating 32148 entries in 126 pages
[    2.926707] smpboot: APIC(0) Converting physical 0 to logical package 0
[    3.021834] smpboot: Max logical packages: 1
[    3.082983] x2apic enabled
[    3.115067] Switched APIC routing to physical x2apic.
[    3.174541] ..TIMER: vector=0x30 apic1=0 pin1=2 apic2=-1 pin2=-1
[    3.332560] smpboot: CPU0: Intel(R) Core(TM) i5-5350U CPU @ 1.80GHz (family: 0x6, model: 0x3d, stepping: 0x4)
[    3.457602] Performance Events: unsupported p6 CPU model 61 no PMU driver, software events only.
[    3.581401] KVM setup paravirtual spinlock
[    3.634134] x86: Booting SMP configuration:
[    3.649020] .... node  #0, CPUs:      #1
[    3.674698] kvm-clock: cpu 1, msr 0:3ffe3041, secondary cpu clock
[    3.748642] mce: CPU supports 0 MCE banks
[    3.751703] x86: Booted up 1 node, 2 CPUs
[    3.755365] smpboot: Total of 2 processors activated (7199.99 BogoMIPS)
[    3.788455] devtmpfs: initialized
[    3.825280] evm: security.selinux
[    3.862014] evm: security.SMACK64
[    3.921793] evm: security.SMACK64EXEC
[    3.942028] evm: security.SMACK64TRANSMUTE
[    3.943038] evm: security.SMACK64MMAP
[    3.943985] evm: security.ima
[    3.954503] evm: security.capability
[    4.005268] clocksource: jiffies: mask: 0xffffffff max_cycles: 0xffffffff, max_idle_ns: 7645041785100000 ns
[    4.093253] futex hash table entries: 512 (order: 3, 32768 bytes)
[    4.146048] pinctrl core: initialized pinctrl subsystem
[    4.208750] RTC time: 10:59:52, date: 10/18/17
[    4.251667] NET: Registered protocol family 16
[    4.306074] cpuidle: using governor ladder
[    4.365991] cpuidle: using governor menu
[    4.404716] PCCT header not found.
[    4.441770] ACPI: bus type PCI registered
[    4.469959] acpiphp: ACPI Hot Plug PCI Controller Driver version: 0.5
[    4.538642] PCI: Using configuration type 1 for base access
[    4.591306] ACPI: Added _OSI(Module Device)
[    4.640904] ACPI: Added _OSI(Processor Device)
[    4.685122] ACPI: Added _OSI(3.0 _SCP Extensions)
[    4.732899] ACPI: Added _OSI(Processor Aggregator Device)
[    4.762179] ACPI: Executed 1 blocks of module-level executable AML code
[    4.810351] ACPI: Interpreter enabled
[    4.832608] ACPI: (supports S0 S5)
[    4.861525] ACPI: Using IOAPIC for interrupt routing
[    4.918348] PCI: Using host bridge windows from ACPI; if necessary, use "pci=nocrs" and report a bug
[    5.018474] ACPI: PCI Root Bridge [PCI0] (domain 0000 [bus 00-ff])
[    5.095132] acpi PNP0A03:00: _OSC: OS supports [ASPM ClockPM Segments MSI]
[    5.142227] acpi PNP0A03:00: _OSC: not requesting OS control; OS requires [ExtendedConfig ASPM ClockPM MSI]
[    5.150513] acpi PNP0A03:00: fail to add MMCONFIG information, can't access extended PCI configuration space under this bridge.
[    5.194419] PCI host bridge to bus 0000:00
[    5.248938] pci_bus 0000:00: root bus resource [io  0x0000-0x0cf7 window]
[    5.288892] pci_bus 0000:00: root bus resource [io  0x0d00-0xffff window]
[    5.330581] pci_bus 0000:00: root bus resource [mem 0x000a0000-0x000bffff window]
[    5.406101] pci_bus 0000:00: root bus resource [mem 0x40000000-0xffdfffff window]
[    5.445775] pci_bus 0000:00: root bus resource [bus 00-ff]
[    5.495925] pci 0000:00:01.1: legacy IDE quirk: reg 0x10: [io  0x01f0-0x01f7]
[    5.578025] pci 0000:00:01.1: legacy IDE quirk: reg 0x14: [io  0x03f6]
[    5.610618] pci 0000:00:01.1: legacy IDE quirk: reg 0x18: [io  0x0170-0x0177]
[    5.617630] pci 0000:00:01.1: legacy IDE quirk: reg 0x1c: [io  0x0376]
[    5.690472] pci 0000:00:07.0: quirk: [io  0x4000-0x403f] claimed by PIIX4 ACPI
[    5.760866] pci 0000:00:07.0: quirk: [io  0x4100-0x410f] claimed by PIIX4 SMB
[    5.838551] ACPI: PCI Interrupt Link [LNKA] (IRQs 5 9 10 *11)
[    5.870677] ACPI: PCI Interrupt Link [LNKB] (IRQs 5 9 10 *11)
[    5.873955] ACPI: PCI Interrupt Link [LNKC] (IRQs 5 9 *10 11)
[    5.913949] ACPI: PCI Interrupt Link [LNKD] (IRQs 5 *9 10 11)
[    5.987371] ACPI: Enabled 2 GPEs in block 00 to 07
[    6.037105] vgaarb: setting as boot device: PCI:0000:00:02.0
[    6.100516] vgaarb: device added: PCI:0000:00:02.0,decodes=io+mem,owns=io+mem,locks=none
[    6.170439] vgaarb: loaded
[    6.198148] vgaarb: bridge control possible 0000:00:02.0
[    6.245314] SCSI subsystem initialized
[    6.267147] ACPI: bus type USB registered
[    6.274968] usbcore: registered new interface driver usbfs
[    6.329986] usbcore: registered new interface driver hub
[    6.381470] usbcore: registered new device driver usb
[    6.436981] PCI: Using ACPI for IRQ routing
[    6.477046] NetLabel: Initializing
[    6.520822] NetLabel:  domain hash size = 128
[    6.554467] NetLabel:  protocols = UNLABELED CIPSOv4
[    6.580341] NetLabel:  unlabeled traffic allowed by default
[    6.635205] amd_nb: Cannot enumerate AMD northbridges
[    6.693687] clocksource: Switched to clocksource kvm-clock
[    6.766117] AppArmor: AppArmor Filesystem Enabled
[    6.810600] pnp: PnP ACPI init
[    6.877770] pnp: PnP ACPI: found 3 devices
[    6.977461] clocksource: acpi_pm: mask: 0xffffff max_cycles: 0xffffff, max_idle_ns: 2085701024 ns
[    7.078742] NET: Registered protocol family 2
[    7.171208] TCP established hash table entries: 8192 (order: 4, 65536 bytes)
[    7.307087] TCP bind hash table entries: 8192 (order: 5, 131072 bytes)
[    7.395378] TCP: Hash tables configured (established 8192 bind 8192)
[    7.398411] UDP hash table entries: 512 (order: 2, 16384 bytes)
[    7.399792] UDP-Lite hash table entries: 512 (order: 2, 16384 bytes)
[    7.401299] NET: Registered protocol family 1
[    7.402423] pci 0000:00:00.0: Limiting direct PCI/PCI transfers
[    7.403792] pci 0000:00:01.0: Activating ISA DMA hang workarounds
[    7.520931] Unpacking initramfs...
[    9.566235] Freeing initrd memory: 10792K
[    9.608241] RAPL PMU detected, API unit is 2^-32 Joules, 4 fixed counters 10737418240 ms ovfl timer
[    9.716387] hw unit of domain pp0-core 2^-0 Joules
[    9.786078] hw unit of domain package 2^-0 Joules
[    9.856010] hw unit of domain dram 2^-0 Joules
[    9.919728] hw unit of domain pp1-gpu 2^-0 Joules
[    9.926199] platform rtc_cmos: registered platform RTC device (no PNP device found)
[   10.022228] Scanning for low memory corruption every 60 seconds
[   10.125945] audit: initializing netlink subsys (disabled)
[   10.234507] audit: type=2000 audit(1508324396.752:1): initialized
[   10.328859] Initialise system trusted keyring
[   10.337763] HugeTLB registered 2 MB page size, pre-allocated 0 pages
[   10.351686] zbud: loaded
[   10.356632] VFS: Disk quotas dquot_6.6.0
[   10.372134] VFS: Dquot-cache hash table entries: 512 (order 0, 4096 bytes)
[   10.402890] squashfs: version 4.0 (2009/01/31) Phillip Lougher
[   10.488690] fuse init (API version 7.23)
[   10.547525] Key type big_key registered
[   10.586224] Allocating IMA MOK and blacklist keyrings.
[   10.624087] Key type asymmetric registered
[   10.685564] Asymmetric key parser 'x509' registered
[   10.725432] Block layer SCSI generic (bsg) driver version 0.4 loaded (major 249)
[   10.783115] io scheduler noop registered
[   10.826829] io scheduler deadline registered (default)
[   10.935890] tsc: Refined TSC clocksource calibration: 1806.084 MHz
[   11.005037] clocksource: tsc: mask: 0xffffffffffffffff max_cycles: 0x1a089ce6f6b, max_idle_ns: 440795257844 ns
[   11.007284] io scheduler cfq registered
[   11.007393] pci_hotplug: PCI Hot Plug PCI Core version: 0.5
[   11.007397] pciehp: PCI Express Hot Plug Controller Driver version: 0.4
[   11.007699] ACPI: AC Adapter [AC] (off-line)
[   11.007751] input: Power Button as /devices/LNXSYSTM:00/LNXPWRBN:00/input/input0
[   11.007754] ACPI: Power Button [PWRF]
[   11.007823] input: Sleep Button as /devices/LNXSYSTM:00/LNXSLPBN:00/input/input1
[   11.007824] ACPI: Sleep Button [SLPF]
[   11.143751] ACPI: Battery Slot [BAT0] (battery present)
[   11.143792] GHES: HEST is not enabled!
[   11.189958] Serial: 8250/16550 driver, 32 ports, IRQ sharing enabled
[   11.307421] 00:02: ttyS0 at I/O 0x3f8 (irq = 4, base_baud = 115200) is a 16550A
[   11.372773] Linux agpgart interface v0.103
[   11.377985] loop: module loaded
[   11.378987] scsi host0: ata_piix
[   11.379136] scsi host1: ata_piix
[   11.379219] ata1: PATA max UDMA/33 cmd 0x1f0 ctl 0x3f6 bmdma 0xd000 irq 14
[   11.379221] ata2: PATA max UDMA/33 cmd 0x170 ctl 0x376 bmdma 0xd008 irq 15
[   11.379406] libphy: Fixed MDIO Bus: probed
[   11.379413] tun: Universal TUN/TAP device driver, 1.6
[   11.379414] tun: (C) 1999-2004 Max Krasnyansky <maxk@qualcomm.com>
[   11.380066] PPP generic driver version 2.4.2
[   11.380171] ehci_hcd: USB 2.0 'Enhanced' Host Controller (EHCI) Driver
[   11.380178] ehci-pci: EHCI PCI platform driver
[   11.380205] ehci-platform: EHCI generic platform driver
[   11.380220] ohci_hcd: USB 1.1 'Open' Host Controller (OHCI) Driver
[   11.380229] ohci-pci: OHCI PCI platform driver
[   11.380244] ohci-platform: OHCI generic platform driver
[   11.380256] uhci_hcd: USB Universal Host Controller Interface driver
[   11.380350] i8042: PNP: PS/2 Controller [PNP0303:PS2K,PNP0f03:PS2M] at 0x60,0x64 irq 1,12
[   11.381047] serio: i8042 KBD port at 0x60,0x64 irq 1
[   11.381053] serio: i8042 AUX port at 0x60,0x64 irq 12
[   11.381220] mousedev: PS/2 mouse device common for all mice
[   11.381623] input: AT Translated Set 2 keyboard as /devices/platform/i8042/serio0/input/input2
[   11.382099] rtc_cmos rtc_cmos: rtc core: registered rtc_cmos as rtc0
[   11.382174] rtc_cmos rtc_cmos: alarms up to one day, 114 bytes nvram
[   11.382181] i2c /dev entries driver
[   11.382248] device-mapper: uevent: version 1.0.3
[   11.382315] device-mapper: ioctl: 4.34.0-ioctl (2015-10-28) initialised: dm-devel@redhat.com
[   11.382332] ledtrig-cpu: registered to indicate activity on CPUs
[   11.382649] NET: Registered protocol family 10
[   11.382827] NET: Registered protocol family 17
[   11.382842] Key type dns_resolver registered
[   11.382998] microcode: CPU0 sig=0x306d4, pf=0x40, revision=0x0
[   11.384073] microcode: CPU1 sig=0x306d4, pf=0x40, revision=0x0
[   11.384100] microcode: Microcode Update Driver: v2.01 <tigran@aivazian.fsnet.co.uk>, Peter Oruba
[   11.384219] registered taskstats version 1
[   11.384236] Loading compiled-in X.509 certificates
[   11.384882] Loaded X.509 cert 'Build time autogenerated kernel key: d1010f9627fd9242df4b03365d2931dfd1ad3d42'
[   11.384897] zswap: loaded using pool lzo/zbud
[   11.386710] Key type trusted registered
[   11.389178] Key type encrypted registered
[   11.389185] AppArmor: AppArmor sha1 policy hashing enabled
[   11.389188] ima: No TPM chip found, activating TPM-bypass!
[   11.389206] evm: HMAC attrs: 0x1
[   11.389540]   Magic number: 5:878:982
[   11.390185] rtc_cmos rtc_cmos: setting system clock to 2017-10-18 10:59:59 UTC (1508324399)
[   11.390259] BIOS EDD facility v0.16 2004-Jun-25, 0 devices found
[   11.390259] EDD information not available.
[   12.815412] Freeing unused kernel memory: 1492K
[   12.819049] Write protecting the kernel read-only data: 14336k
[   12.863344] Freeing unused kernel memory: 1748K
[   12.910140] Freeing unused kernel memory: 112K
Loading, please wait...
starting version[   12.963708] random: systemd-udevd: uninitialized urandom read (16 bytes read, 5 bits of entropy available)
 229
[   12.964503] random: udevadm: uninitialized urandom read (16 bytes read, 5 bits of entropy available)
[   12.964556] random: udevadm: uninitialized urandom read (16 bytes read, 5 bits of entropy available)
[   12.964726] random: udevadm: uninitialized urandom read (16 bytes read, 5 bits of entropy available)
[   12.964902] random: udevadm: uninitialized urandom read (16 bytes read, 5 bits of entropy available)
[   12.964968] random: udevadm: uninitialized urandom read (16 bytes read, 5 bits of entropy available)
[   12.965028] random: udevadm: uninitialized urandom read (16 bytes read, 5 bits of entropy available)
[   12.965087] random: udevadm: uninitialized urandom read (16 bytes read, 5 bits of entropy available)
[   12.965141] random: udevadm: uninitialized urandom read (16 bytes read, 5 bits of entropy available)
[   12.965203] random: udevadm: uninitialized urandom read (16 bytes read, 5 bits of entropy available)
[   13.392683] e1000: Intel(R) PRO/1000 Network Driver - version 7.3.21-k8-NAPI
[   13.419343] e1000: Copyright (c) 1999-2006 Intel Corporation.
[   13.437320] Fusion MPT base driver 3.04.20
[   13.464998] Copyright (c) 1999-2008 LSI Corporation
[   13.496594] Fusion MPT SPI Host driver 3.04.20
[   13.520617] AVX version of gcm_enc/dec engaged.
[   13.530885] AES CTR mode by8 optimization enabled
[   13.731826] input: ImExPS/2 Generic Explorer Mouse as /devices/platform/i8042/serio1/input/input4
[   13.899370] e1000 0000:00:03.0 eth0: (PCI:33MHz:32-bit) 02:14:68:3e:84:47
[   14.037454] e1000 0000:00:03.0 eth0: Intel(R) PRO/1000 Network Connection
[   14.486378] e1000 0000:00:08.0 eth1: (PCI:33MHz:32-bit) 08:00:27:c9:33:35
[   14.558308] e1000 0000:00:08.0 eth1: Intel(R) PRO/1000 Network Connection
[   14.643328] mptbase: ioc0: Initiating bringup
[   14.643607] e1000 0000:00:08.0 enp0s8: renamed from eth1
[   14.783260] e1000 0000:00:03.0 enp0s3: renamed from eth0
[   14.883642] ioc0: LSI53C1030 A0: Capabilities={Initiator}
[   15.106668] scsi host2: ioc0: LSI53C1030 A0, FwRev=00000000h, Ports=1, MaxQ=256, IRQ=20
[   15.275462] scsi 2:0:0:0: Direct-Access     VBOX     HARDDISK         1.0  PQ: 0 ANSI: 5
[   15.287083] scsi target2:0:0: Beginning Domain Validation
[   15.333891] scsi target2:0:0: Domain Validation skipping write tests
[   15.337687] scsi target2:0:0: Ending Domain Validation
[   15.380243] scsi target2:0:0: asynchronous
[   15.382251] scsi 2:0:1:0: Direct-Access     VBOX     HARDDISK         1.0  PQ: 0 ANSI: 5
[   15.482375] scsi target2:0:1: Beginning Domain Validation
[   15.547945] scsi target2:0:1: Domain Validation skipping write tests
[   15.623550] scsi target2:0:1: Ending Domain Validation
[   15.688380] scsi target2:0:1: asynchronous
[   15.711804] sd 2:0:0:0: Attached scsi generic sg0 type 0
[   15.782358] sd 2:0:0:0: [sda] 20971520 512-byte logical blocks: (10.7 GB/10.0 GiB)
[   15.843921] sd 2:0:0:0: [sda] Write Protect is off
[   15.887582] sd 2:0:1:0: Attached scsi generic sg1 type 0
[   15.887757] sd 2:0:1:0: [sdb] 20480 512-byte logical blocks: (10.5 MB/10.0 MiB)
[   15.887894] sd 2:0:1:0: [sdb] Write Protect is off
[   15.887987] sd 2:0:1:0: [sdb] Incomplete mode parameter data
[   15.887989] sd 2:0:1:0: [sdb] Assuming drive cache: write through
[   15.890345] sd 2:0:1:0: [sdb] Attached SCSI disk
[   15.910457] sd 2:0:0:0: [sda] Incomplete mode parameter data
[   15.910459] sd 2:0:0:0: [sda] Assuming drive cache: write through
[   15.912962]  sda: sda1
[   15.914180] sd 2:0:0:0: [sda] Attached SCSI disk
[   16.494384] floppy0: no floppy controllers found
Begin: Loading e[   17.882604] md: linear personality registered for level -1
ssential drivers ... [   17.949313] md: multipath personality registered for level -4
[   18.030081] md: raid0 personality registered for level 0
[   18.060378] md: raid1 personality registered for level 1
[   18.153925] raid6: sse2x1   gen()  3455 MB/s
[   18.266244] raid6: sse2x1   xor()  5164 MB/s
[   18.341793] raid6: sse2x2   gen()  6469 MB/s
[   18.417709] raid6: sse2x2   xor()  5848 MB/s
[   18.493773] raid6: sse2x4   gen()  9951 MB/s
[   18.574015] raid6: sse2x4   xor()  6834 MB/s
[   18.595695] raid6: using algorithm sse2x4 gen() 9951 MB/s
[   18.631786] raid6: .... xor() 6834 MB/s, rmw enabled
[   18.633057] raid6: using ssse3x2 recovery algorithm
[   18.647162] xor: automatically using best checksumming function:
[   18.734210]    avx       : 19830.000 MB/sec
[   18.779974] async_tx: api initialized (async)
[   18.823723] md: raid6 personality registered for level 6
[   18.854894] md: raid5 personality registered for level 5
[   18.871855] md: raid4 personality registered for level 4
[   18.881397] md: raid10 personality registered for level 10
done.
Begin: Running /scripts/init-premount ... done.
Begin: Mounting root file system ... Beg[   18.980635] Btrfs loaded
in: Running /scripts/local-top ... done.
Begin: Running /scripts/local-premount ... Scanning for Btrfs filesystems
done.
Warning: fsck not present, so sk[   19.059225] EXT4-fs (sda1): mounted filesystem with ordered data mode. Opts: (null)
ipping root file system
done.
Begin: Running /scripts/local-bottom ... done.
Begin: Running /scripts/init-bottom ... done.
[   19.439125] systemd[1]: systemd 229 running in system mode. (+PAM +AUDIT +SELINUX +IMA +APPARMOR +SMACK +SYSVINIT +UTMP +LIBCRYPTSETUP +GCRYPT +GNUTLS +ACL +XZ -LZ4 +SECCOMP +BLKID +ELFUTILS +KMOD -IDN)
[   19.609072] systemd[1]: Detected virtualization oracle.
[   19.678625] systemd[1]: Detected architecture x86-64.

Welcome to [1mUbuntu 16.04.3 LTS[0m!

[   19.760019] systemd[1]: Set hostname to <ubuntu>.
[   19.848178] systemd[1]: Initializing machine ID from random generator.
[   19.905747] systemd[1]: Installed transient /etc/machine-id file.
[   20.269029] systemd[1]: Listening on LVM2 poll daemon socket.
[[0;32m  OK  [0m] Listening on LVM2 poll daemon socket.
[   20.351576] systemd[1]: Reached target Encrypted Volumes.
[[0;32m  OK  [0m] Reached target Encrypted Volumes.
[   20.398538] systemd[1]: Listening on Device-mapper event daemon FIFOs.
[[0;32m  OK  [0m] Listening on Device-mapper event daemon FIFOs.
[   20.476223] systemd[1]: Reached target User and Group Name Lookups.
[[0;32m  OK  [0m] Reached target User and Group Name Lookups.
[   20.550470] systemd[1]: Listening on udev Control Socket.
[[0;32m  OK  [0m] Listening on udev Control Socket.
[   20.646124] systemd[1]: Listening on LVM2 metadata daemon socket.
[[0;32m  OK  [0m] Listening on LVM2 metadata daemon socket.
[   20.788464] systemd[1]: Created slice System Slice.
[[0;32m  OK  [0m] Created slice System Slice.
[   20.827630] systemd[1]: Created slice system-serial\x2dgetty.slice.
[[0;32m  OK  [0m] Created slice system-serial\x2dgetty.slice.
[   20.862549] systemd[1]: Listening on udev Kernel Socket.
[[0;32m  OK  [0m] Listening on udev Kernel Socket.
[   21.006731] systemd[1]: Created slice User and Session Slice.
[[0;32m  OK  [0m] Created slice User and Session Slice.
[   21.046785] systemd[1]: Reached target Slices.
[[0;32m  OK  [0m] Reached target Slices.
[   21.154589] systemd[1]: Listening on Journal Socket (/dev/log).
[[0;32m  OK  [0m] Listening on Journal Socket (/dev/log).
[   21.270860] systemd[1]: Listening on Syslog Socket.
[[0;32m  OK  [0m] Listening on Syslog Socket.
[   21.414691] systemd[1]: Started Forward Password Requests to Wall Directory Watch.
[[0;32m  OK  [0m] Started Forward Password Requests to Wall Directory Watch.
[   21.502487] systemd[1]: Listening on Journal Audit Socket.
[[0;32m  OK  [0m] Listening on Journal Audit Socket.
[   21.549977] random: nonblocking pool is initialized
[   21.576742] systemd[1]: Set up automount Arbitrary Executable File Formats File System Automount Point.
[[0;32m  OK  [0m] Set up automount Arbitrary Executab...ats File System Automount Point.
[   21.754827] systemd[1]: Listening on Journal Socket.
[[0;32m  OK  [0m] Listening on Journal Socket.
[   21.826064] systemd[1]: Mounting Debug File System...
         Mounting Debug File System...
[   21.878668] systemd[1]: Starting Load Kernel Modules...
         Starting Load Ke[   21.893920] Loading iSCSI transport class v2.0-870.
rnel Modules...
[   21.949993] systemd[1]: Starting Nameserver information manager...
         Startin[   21.963736] iscsi: registered transport (tcp)
g Nameserver information manager...
[   22.038442] systemd[1]: Starting Uncomplicated firewall...
         Startin[   22.053372] iscsi: registered transport (iser)
g Uncomplicated firewall...
[   22.118874] systemd[1]: Starting Journal Service...
         Starting Journal Service...
[   22.178042] systemd[1]: Starting Remount Root and Kernel File Systems...
[   22.186385] EXT4-fs (sda1): re-mounted. Opts: (null)
         Starting Remount Root and Kernel File Systems...
[   22.258162] systemd[1]: Starting Create list of required static device nodes for the current kernel...
         Starting Create list of required st... nodes for the current kernel...
[   22.379893] systemd[1]: Listening on /dev/initctl Compatibility Named Pipe.
[[0;32m  OK  [0m] Listening on /dev/initctl Compatibility Named Pipe.
[   22.466139] systemd[1]: Mounting POSIX Message Queue File System...
         Mounting POSIX Message Queue File System...
[   22.554257] systemd[1]: Starting Monitoring of LVM2 mirrors, snapshots etc. using dmeventd or progress polling...
         Starting Monitoring of LVM2 mirrors... dmeventd or progress polling...
[   22.702606] systemd[1]: Starting Set console keymap...
         Starting Set console keymap...
[   22.774285] systemd[1]: Mounting Huge Pages File System...
         Mounting Huge Pages File System...
[   22.826674] systemd[1]: Started Trigger resolvconf update for networkd DNS.
[[0;32m  OK  [0m] Started Trigger resolvconf update for networkd DNS.
[   22.954374] systemd[1]: Reached target Swap.
[[0;32m  OK  [0m] Reached target Swap.
[   22.983176] systemd[1]: Mounted Debug File System.
[[0;32m  OK  [0m] Mounted Debug File System.
[   23.078588] systemd[1]: Mounted Huge Pages File System.
[[0;32m  OK  [0m] Mounted Huge Pages File System.
[   23.142520] systemd[1]: Mounted POSIX Message Queue File System.
[[0;32m  OK  [0m] Mounted POSIX Message Queue File System.
[   23.246747] systemd[1]: Started Journal Service.
[[0;32m  OK  [0m] Started Journal Service.
[[0;32m  OK  [0m] Started Load Kernel Modules.
[[0;32m  OK  [0m] Started Uncomplicated firewall.
[[0;32m  OK  [0m] Started Remount Root and Kernel File Systems.
[[0;32m  OK  [0m] Started Create list of required sta...ce nodes for the current kernel.
[[0;32m  OK  [0m] Started Set console keymap.
[[0;32m  OK  [0m] Started Nameserver information manager.
[[0;32m  OK  [0m] Started LVM2 metadata daemon.
         Starting Create Static Device Nodes in /dev...
         Starting udev Coldplug all Devices...
         Starting Initial cloud-init job (pre-networking)...
         Starting Load/Save Random Seed...
         Mounting FUSE Control File System...
         Starting Apply Kernel Variables...
         Starting Flush Journal to Persistent Storage...
[[0;32m  OK  [0m] Mounted FUSE Control File System.
[[0;32m  OK  [0m] Started Create Static Device Nodes in /dev.
[[0;32m  OK  [0m] Started Load/Save Random Seed.
[[0;32m  OK  [0m] Started Apply Kernel Variables.
[[0;32m  OK  [0m] Started Flush Journal to Persistent Storage.
[[0;32m  OK  [0m] Started udev Coldplug all Devices.
         Starting udev Kernel Device Manager...
[[0;32m  OK  [0m] Started udev Kernel Device Manager.
[[0;32m  OK  [0m] Started Dispatch Password Requests to Console Directory Watch.
[[0;32m  OK  [0m] Found device /dev/ttyS0.
[[0;32m  OK  [0m] Started Monitoring of LVM2 mirrors,...ng dmeventd or progress polling.
[[0;32m  OK  [0m] Reached target Local File Systems (Pre).
[[0;32m  OK  [0m] Reached target Local File Systems.
         Starting Set console font and keymap...
         Starting Commit a transient machine-id on disk...
         Starting Tell Plymouth To Write Out Runtime Data...
         Starting Create Volatile Files and Directories...
         Starting LSB: AppArmor initialization...
[[0;32m  OK  [0m] Started Commit a transient machine-id on disk.
[   19.048602] cloud-init[449]: Cloud-init v. 0.7.9 running 'init-local' at Wed, 18 Oct 2017 11:00:12 +0000. Up 18.69 seconds.
[[0;32m  OK  [0m] Started Tell Plymouth To Write Out Runtime Data.
[[0;32m  OK  [0m] Started Create Volatile Files and Directories.
[[0;32m  OK  [0m] Started Initial cloud-init job (pre-networking).
[[0;32m  OK  [0m] Listening on Load/Save RF Kill Switch Status /dev/rfkill Watch.
[[0;32m  OK  [0m] Reached target Network (Pre).
         Starting Update UTMP about System Boot/Shutdown...
[[0;32m  OK  [0m] Reached target System Time Synchronized.
[[0;32m  OK  [0m] Started Set console font and keymap.
[[0;32m  OK  [0m] Started Update UTMP about System Boot/Shutdown.
[[0;32m  OK  [0m] Created slice system-getty.slice.
[[0;32m  OK  [0m] Started LSB: AppArmor initialization.
         Starting Raise network interfaces...
[[0;32m  OK  [0m] Started Raise network interfaces.
[[0;32m  OK  [0m] Reached target Network.
         Starting Initial cloud-init job (metadata service crawler)...
[   23.380888] cloud-init[950]: Cloud-init v. 0.7.9 running 'init' at Wed, 18 Oct 2017 11:00:15 +0000. Up 21.73 seconds.
[   23.396627] cloud-init[950]: ci-info: ++++++++++++++++++++++++++++++++++++++Net device info++++++++++++++++++++++++++++++++++++++
[   23.416765] cloud-init[950]: ci-info: +--------+-------+----------------------------+---------------+-------+-------------------+
[   23.432817] cloud-init[950]: ci-info: | Device |   Up  |          Address           |      Mask     | Scope |     Hw-Address    |
[   23.452202] cloud-init[950]: ci-info: +--------+-------+----------------------------+---------------+-------+-------------------+
[   23.463002] cloud-init[950]: ci-info: | enp0s8 | False |             .              |       .       |   .   | 08:00:27:c9:33:35 |
[[0;32m  OK  [0m] Started Initial cloud-init job (metadata service crawler).
[   23.500511] cloud-init[950]: ci-info: | enp0s3 |  True |         10.0.2.15          | 255.255.255.0 |   .   | 02:14:68:3e:84:47 |[[0;32m  OK  [0m] Reached target Cloud-config availability.
[[0;32m  OK  [0m] Reached target Network is Online.

[   23.514343] cloud-init[950]: ci-info: | enp0s3 |  True | fe80::14:68ff:fe3e:8447/64 |       .       |  link | 02:14:68:3e:84:47 |
[   23.525206]          Starting iSCSI initiator daemon (iscsid)...
[[0;32m  OK  [0m] Reached target System Initialization.
[[0;32m  OK  [0m] Started Timer to automatically fetch and run repair assertions.
[[0;32m  OK  [0m] Started Daily Cleanup of Temporary Directories.
[[0;32m  OK  [0m] Listening on ACPID Listen Socket.
cloud-init[950]: ci-info: |   lo   |  True |         127.0.0.1          |   255.0.0.0   |   .   |         .         |
[[0;32m  OK  [0m] Started ACPI Events Check.
[   23.642088] cloud-init[950]: ci-info: |   lo   |  True |          ::1/128           |       .       |  host |         .         |
[[0;32m  OK  [0m] Reached target Paths.
[   23.736743] cloud-init[950]: ci-info: +--------+-------+----------------------------+---------------+-------+-------------------+
[   23.763173] cloud-init[950]: ci-info: +++++++++++++++++++++++++++Route IPv4 info++++++++++++++++++++++++++++
[[0;32m  OK  [0m] Started Daily apt download activities.
[[0;32m  OK  [0m] Started Timer to automatically refresh installed snaps.
[[0;32m  OK  [0m] Listening on UUID daemon activation socket.
[   23.764484] cloud-init[950]: ci-info: +-------+-------------+----------+---------------+-----------+-------+
[   23.811401]          cloud-initStarting LXD - unix socket.[950]: 
ci-info: | Route | Destination | Gateway  |    Genmask    | Interface | Flags |
[   23.816501] cloud-init[950]: ci-info: +-------+-------------+----------+---------------+-----------+-------+
[   23.819108] cloud-init[950]: ci-info: |   0   |   0.0.0.0   | 10.0.2.2 |    0.0.0.0    |   enp0s3  |   UG  |
[   23.845703] cloud-init[950]: ci-info: |   1   |   10.0.2.0  | 0.0.0.0  | 255.255.255.0 |   enp0s3  |   U   |
         Starting Socket activation for snappy daemon.
[   23.862672] cloud-init[950]: ci-info: +-------+-------------+----------+---------------+-----------+-------+
[   23.870252] cloud-init[950]: Generating public/private rsa key pair.
[   23.870659] cloud-init[950]: Your identification has been saved in /etc/ssh/ssh_host_rsa_key.
[[0;32m  OK  [0m] Started Daily apt upgrade and clean activities.
[[0;32m  OK  [0m] Reached target Timers.
[[0;32m  OK  [0m] Listening on D-Bus System Message Bus Socket.
[   23.871286] cloud-init[950]: Your public key has been saved in /etc/ssh/ssh_host_rsa_key.pub.
[[0;32m  OK  [0m] Listening on LXD - unix socket.
[   23.965784] cloud-init[950]: The key fingerprint is:
[   23.979527] cloud-init[950]: SHA256:2TE7eczTka//vnsXoLdrAdKJuH4FRux24gn0sEfiqis root@ubuntu-xenial
[[0;32m  OK  [0m] Listening on Socket activation for snappy daemon.
[[0;32m  OK  [0m] Started iSCSI initiator daemon (iscsid).
[   23.987605] cloud-init[950]: The key's randomart image is:
[   24.000599] cloud-init[950]: +---[RSA 2048]----+
[   24.007077] cloud-init[950]: |        .        |
[   24.020493] cloud-init[950]: |       + +     . |
[   24.042388] cloud-init[950]: |      o X = . o  |
[   24.068495] cloud-init[950]: |       = & % o o |
[   24.073935] cloud-init[950]: |      . S @ B o .|
         Starting Login to default iSCSI targets...
[[0;32m  OK  [0m] Reached target Sockets.
[[0;32m  OK  [0m] Reached target Basic System.
[   24.082457] cloud-init[950]: |     . . o = + o |
[   24.120495] cloud-init[950]: |    . .   . . + .|
[   24.130039] cloud-init[950]: | E .   . .   o .o|
[   24.135946] cloud-init[950]: |  ...   .   ...+X|
[   24.151096] cloud-init[950]: +----[SHA256]-----+
[   24.151560] cloud-init[950]: Generating public/private dsa key pair.
[[0;32m  OK  [0m] Started Regular background program processing daemon.
[   24.152991] cloud-init[950]: Your identification has been saved in /etc/ssh/ssh_host_dsa_key.
[   24.190154] cloud-init[950]: Your public key has been saved in /etc/ssh/ssh_host_dsa_key.pub.
[   24.190601] cloud-init[950]: The key fingerprint is:
[[0;32m  OK  [0m] Started ACPI event daemon.
[   24.190938] cloud-init[950]: SHA256:g5XVfmezGTgsC4HqxYCkk/p/s79PAJA/TZ0FCUT0sGk root@ubuntu-xenial
[   24.344483] cloud-init[950]: The key's randomart image is:
[   24.344970] cloud-init[950]: +---[DSA 1024]----+
         Starting LSB: MD monitoring daemon...
[   24.345198] cloud-init[950]: |  ..o. +Boo*.    |
[   24.399807] cloud-init[950]: |  o..o ..O+ .    |
[   24.432346] cloud-init[950]: | +   .=oE o.. .  |
[   24.432811] cloud-init[950]: |. .  .oB.. ..+.oo|
         Starting Login Service...
[   24.433021] cloud-init[950]: |.   . o.S . o..o=|
[   24.516897] cloud-init[950]: | .   .   o .   o |
[   24.540767] cloud-init[950]: |  .       .      |
[   24.541430] cloud-init[950]: |   .  o  .       |
         Starting System Logging Service...
[   24.541629] cloud-init[950]: |    ...+oo.      |
[   24.611408] cloud-init[950]: +----[SHA256]-----+
[   24.624269]          cloud-initStarting Pollinate to seed the pseudo random number generator...[950]: 
Generating public/private ecdsa key pair.
[   24.667440] [cloud-init[0;32m  OK  [0m[950]: ] Your identification has been saved in /etc/ssh/ssh_host_ecdsa_key.Started D-Bus System Message Bus.

[   24.668263] cloud-init[950]: Your public key has been saved in /etc/ssh/ssh_host_ecdsa_key.pub.
[[0;32m  OK  [0m] Started Unattended Upgrades Shutdown.
[   24.844315] cloud-init[950]: The key fingerprint is:
[   24.868887] cloud-init[950]: SHA256:xPdlQ3cCurDT6NzspXEz6Vd/Tn0+GuOYIQxYIYDelYs root@ubuntu-xenial
[   24.892684]          Starting LSB: Record successful boot for GRUB...
cloud-init[950]: The key's randomart image is:
[   24.917159] cloud-init[950]: +---[ECDSA 256]---+
[   24.917684] cloud-init[950]: |  ......    ..o o|
         Starting /etc/rc.local Compatibility...
[   24.918016] cloud-init[950]: | .   o...  . . o.|
[   24.950627] cloud-init[950]: |. . o ..+ o   +  |
[   24.951585] cloud-init[950]: | . E .o. * o o . |
         Starting Accounts Service...
[   24.952671] cloud-init[950]: |     . .S o .    |
[   25.008909] cloud-init[950]: |       oo+   .  o|
         Starting Apply the settings specified in cloud-config...
[   25.013037] cloud-init[950]: |        oo+.*o .=|
         Starting Snappy daemon...
[   25.053272] cloud-init[950]: |         ..*=o+++|
[   25.084514] [cloud-init[0;32m  OK  [0m[950]: ] |          oo.+..=|Started Deferred execution scheduler.

[   25.085020] cloud-init[950]: +----[SHA256]-----+
[   25.138373] cloud-init[950]: Generating public/private ed25519 key pair.
[   25.162985] [cloud-init[0;32m  OK  [0m[950]: ] Your identification has been saved in /etc/ssh/ssh_host_ed25519_key.Started FUSE filesystem for LXC.

[   25.196254]          Starting LXD - container startup/shutdown...
cloud-init[950]: Your public key has been saved in /etc/ssh/ssh_host_ed25519_key.pub.
[   25.253245] [cloud-init[0;32m  OK  [0m[950]: ] The key fingerprint is:Started System Logging Service.

[   25.253993] cloud-init[950]: SHA256:+N74TzTGg6Is1GFlQ0f1e7h6px5An3GUjpbgosmMNx8 root@ubuntu-xenial
[   25.283220] [cloud-init[0;32m  OK  [0m[950]: ] The key's randomart image is:Started Snappy daemon.

[   25.284579] cloud-init[950]: +--[ED25519 256]--+
[[0;32m  OK  [0m] Started Pollinate to seed the pseudo random number generator.
[   25.322414] [cloud-init[0;32m  OK  [0m[950]: ] |       .=.o..   o|Started /etc/rc.local Compatibility.

[[0;32m  OK  [0m] Started LXD - container startup/shutdown.
[   25.394681] cloud-init[950]: |       o o . . o |
[   25.437277] cloud-init[950]: |      o   . o * .|
[   25.464168] cloud-init[950]: |     o o . = = B |
[[0;32m  OK  [0m] Started Login to default iSCSI targets.
[[0;32m  OK  [0m] Started LSB: MD monitoring daemon.
[   25.527168] cloud-init[950]: |    . * S o O = .|
[   25.616682] cloud-init[950]: |   . o X E o + o |
[   25.632845] cloud-init[950]: |    . + + . . o  |
[   25.664498] cloud-init[950]: |     . . + . ....|
[   25.676365] cloud-init[950]: |        o.o.oooo |
[[0;32m  OK  [0m] Started LSB: Record successful boot for GRUB.
[   25.710263] cloud-init[950]: +----[SHA256]-----+
[[0;32m  OK  [0m] Started Login Service.
         Starting Authenticate and Authorize Users to Run Privileged Tasks...
[[0;32m  OK  [0m] Reached target Remote File Systems (Pre).
[[0;32m  OK  [0m] Reached target Remote File Systems.
         Starting LSB: Set the CPU Frequency Scaling governor to "ondemand"...
         Starting LSB: VirtualBox Linux Additions...
         Starting LSB: daemon to balance interrupts for SMP systems...
         Starting LSB: automatic crash report generation...
         Starting Permit User Sessions...
         Starting OpenBSD Secure Shell server...
         Starting Auto import assertions from block devices...
[[0;32m  OK  [0m] Started OpenBSD Secure Shell server.
[[0;32m  OK  [0m] Started Permit User Sessions.
[[0;32m  OK  [0m] Started Auto import assertions from block devices.
[[0;32m  OK  [0m] Started Authenticate and Authorize Users to Run Privileged Tasks.
[   26.242914] cloud-init[1136]: Generating locales (this might take a while)...
[[0;32m  OK  [0m] Started Accounts Service.
[[0;32m  OK  [0m] Started LSB: Set the CPU Frequency Scaling governor to "ondemand".
[[0;32m  OK  [0m] Started LSB: VirtualBox Linux Additions.
[[0;32m  OK  [0m] Started LSB: daemon to balance interrupts for SMP systems.
[[0;32m  OK  [0m] Started LSB: automatic crash report generation.
         Starting Terminate Plymouth Boot Screen...
         Starting Hold until boot process finishes up...
[[0;32m  OK  [0m] Started Terminate Plymouth Boot Screen.
[[0;32m  OK  [0m] Started Hold until boot process finishes up.
[[0;32m  OK  [0m] Started Getty on tty1.
         Starting Set console scheme...
[[0;32m  OK  [0m] Started Serial Getty on ttyS0.
[[0;32m  OK  [0m] Reached target Login Prompts.
[[0;32m  OK  [0m] Reached target Multi-User System.
[[0;32m  OK  [0m] Reached target Graphical Interface.
         Starting Update UTMP about System Runlevel Changes...
[[0;32m  OK  [0m] Started Set console scheme.
[[0;32m  OK  [0m] Started Update UTMP about System Runlevel Changes.
[   27.813452] cloud-init[1136]:   en_US.UTF-8... done
[   27.828516] cloud-init[1136]: Generation complete.
         Stopping OpenBSD Secure Shell server...
[[0;32m  OK  [0m] Stopped OpenBSD Secure Shell server.
         Starting OpenBSD Secure Shell server...
[[0;32m  OK  [0m] Started OpenBSD Secure Shell server.
[[0;32m  OK  [0m] Created slice User Slice of ubuntu.
         Starting User Manager for UID 1000...
[[0;32m  OK  [0m] Started Session 1 of user ubuntu.
[[0;32m  OK  [0m] Started User Manager for UID 1000.
[   28.501741] cloud-init[1136]: Cloud-init v. 0.7.9 running 'modules:config' at Wed, 18 Oct 2017 11:00:20 +0000. Up 25.86 seconds.
[[0;32m  OK  [0m] Started Apply the settings specified in cloud-config.
         Starting Execute cloud user/final scripts...
ci-info: no authorized ssh keys fingerprints found for user ubuntu.
<14>Oct 18 11:00:23 ec2: 
<14>Oct 18 11:00:23 ec2: #############################################################
<14>Oct 18 11:00:23 ec2: -----BEGIN SSH HOST KEY FINGERPRINTS-----
<14>Oct 18 11:00:23 ec2: 1024 SHA256:g5XVfmezGTgsC4HqxYCkk/p/s79PAJA/TZ0FCUT0sGk root@ubuntu-xenial (DSA)
<14>Oct 18 11:00:23 ec2: 256 SHA256:xPdlQ3cCurDT6NzspXEz6Vd/Tn0+GuOYIQxYIYDelYs root@ubuntu-xenial (ECDSA)
<14>Oct 18 11:00:23 ec2: 256 SHA256:+N74TzTGg6Is1GFlQ0f1e7h6px5An3GUjpbgosmMNx8 root@ubuntu-xenial (ED25519)
<14>Oct 18 11:00:23 ec2: 2048 SHA256:2TE7eczTka//vnsXoLdrAdKJuH4FRux24gn0sEfiqis root@ubuntu-xenial (RSA)
<14>Oct 18 11:00:23 ec2: -----END SSH HOST KEY FINGERPRINTS-----
<14>Oct 18 11:00:23 ec2: #############################################################
-----BEGIN SSH HOST KEY KEYS-----
ecdsa-sha2-nistp256 AAAAE2VjZHNhLXNoYTItbmlzdHAyNTYAAAAIbmlzdHAyNTYAAABBBIF8fy+KSuGdmZGr6RPmSi5hyqO22t0iJWs/C6KTZBOd7ssSu6qozoI6WgybmrHuOwa3hENKXx9bq+THv0AU4AU= root@ubuntu-xenial
ssh-ed25519 AAAAC3NzaC1lZDI1NTE5AAAAIM9ijABPBPypn/5KXGs/75gxgLep8ESXiyt2OG9v1Wpr root@ubuntu-xenial
ssh-rsa AAAAB3NzaC1yc2EAAAADAQABAAABAQDe3nYkTRlMtYvdS3k2+EphijA4r6N+mPx8B16XTVq7oZZ0NYQceZCTcc9mdmIIe5+RA26D3XQ59JMU67aprkKqbyHLJrfph4fF0SUlyxoOi1EC5GwoVMM1BCPxQZfKFcWm55lJOEvgHlZP7/1irnXF3d/LN5Vgc93WulAy7LIXAitVCnVs2LLV6bf1jmhZx4P8CIVhNHOBn/3XdsBVo8GgOvXq4FhS4O0C1r30OfFHgRz3g/J4SBJZrnuHpOqghwgSuJEAeqgvq+iBVr3i0oZdaCgcYhF1491A2kdAw8tqk91WQoAbwPxR/5woTlM/0bgDB5bCJx8ekI8PeIdNkNXl root@ubuntu-xenial
-----END SSH HOST KEY KEYS-----
[   29.963753] cloud-init[1409]: Cloud-init v. 0.7.9 running 'modules:final' at Wed, 18 Oct 2017 11:00:23 +0000. Up 29.23 seconds.
[   29.995867] cloud-init[1409]: ci-info: no authorized ssh keys fingerprints found for user ubuntu.
[   30.002978] cloud-init[1409]: Cloud-init v. 0.7.9 finished at Wed, 18 Oct 2017 11:00:24 +0000. Datasource DataSourceNoCloud [seed=/dev/sdb][dsmode=net].  Up 29.95 seconds
[[0;32m  OK  [0m] Started Execute cloud user/final scripts.
[[0;32m  OK  [0m] Reached target Cloud-init target.

Ubuntu 16.04.3 LTS ubuntu-xenial ttyS0

ubuntu-xenial login: 